{
  "generatedAt": "2026-09-13T08:33:28Z",
  "completenessContract": "all completed fixture scores are cached at discovery time; advanced statistics are incrementally backfilled",
  "incrementalContract": "poll every active Stats league for new completed fixtures; persist all score metadata immediately; fetch advanced statistics only when real cached stats are missing",
  "scopeContract": "53 configured Domestic leagues eligible for Stats; core odds scope remains separately protected",
  "priorityPolicy": "Strict sequential priority: Tier 1 Main5+Greece may use the full run budget first; Tier 2 and Tier 3 receive only unused remainder",
  "absolutePriorityLeagueCodes": [
    "D1",
    "E0",
    "F1",
    "G1",
    "I1",
    "SP1"
  ],
  "statsUniverseLeagueCount": 69,
  "coreOddsLeagueCount": 27,
  "maxRequests": 2400,
  "requestsUsed": 1137,
  "registryLeagueCount": 69,
  "polledLeagueCount": 69,
  "incompleteBefore": 35,
  "completeAfter": 34,
  "incompleteAfter": 35,
  "allocations": [
    {
      "phase": "tier1_main5_plus_greece",
      "priorityTier": "tier1_main5_plus_greece",
      "leagueCode": "SP1",
      "country": "Spain",
      "league": "La Liga",
      "lifecycle": "active",
      "allocatedRequests": 400,
      "usedRequests": 1,
      "before": {
        "leagueCode": "SP1",
        "priorityTier": "tier1_main5_plus_greece",
        "completed": 46,
        "withStats": 46,
        "withScores": 46,
        "missingStats": 0,
        "missingScores": 0,
        "coverage": 1.0,
        "scoreCoverage": 1.0,
        "complete": true
      },
      "after": {
        "leagueCode": "SP1",
        "priorityTier": "tier1_main5_plus_greece",
        "completed": 46,
        "withStats": 46,
        "withScores": 46,
        "missingStats": 0,
        "missingScores": 0,
        "coverage": 1.0,
        "scoreCoverage": 1.0,
        "complete": true
      }
    },
    {
      "phase": "tier1_main5_plus_greece",
      "priorityTier": "tier1_main5_plus_greece",
      "leagueCode": "E0",
      "country": "England",
      "league": "Premier League",
      "lifecycle": "active",
      "allocatedRequests": 479,
      "usedRequests": 1,
      "before": {
        "leagueCode": "E0",
        "priorityTier": "tier1_main5_plus_greece",
        "completed": 37,
        "withStats": 37,
        "withScores": 37,
        "missingStats": 0,
        "missingScores": 0,
        "coverage": 1.0,
        "scoreCoverage": 1.0,
        "complete": true
      },
      "after": {
        "leagueCode": "E0",
        "priorityTier": "tier1_main5_plus_greece",
        "completed": 37,
        "withStats": 37,
        "withScores": 37,
        "missingStats": 0,
        "missingScores": 0,
        "coverage": 1.0,
        "scoreCoverage": 1.0,
        "complete": true
      }
    },
    {
      "phase": "tier1_main5_plus_greece",
      "priorityTier": "tier1_main5_plus_greece",
      "leagueCode": "F1",
      "country": "France",
      "league": "Ligue 1",
      "lifecycle": "active",
      "allocatedRequests": 599,
      "usedRequests": 1,
      "before": {
        "leagueCode": "F1",
        "priorityTier": "tier1_main5_plus_greece",
        "completed": 33,
        "withStats": 33,
        "withScores": 33,
        "missingStats": 0,
        "missingScores": 0,
        "coverage": 1.0,
        "scoreCoverage": 1.0,
        "complete": true
      },
      "after": {
        "leagueCode": "F1",
        "priorityTier": "tier1_main5_plus_greece",
        "completed": 33,
        "withStats": 33,
        "withScores": 33,
        "missingStats": 0,
        "missingScores": 0,
        "coverage": 1.0,
        "scoreCoverage": 1.0,
        "complete": true
      }
    },
    {
      "phase": "tier1_main5_plus_greece",
      "priorityTier": "tier1_main5_plus_greece",
      "leagueCode": "G1",
      "country": "Greece",
      "league": "Super League",
      "lifecycle": "active",
      "allocatedRequests": 799,
      "usedRequests": 1,
      "before": {
        "leagueCode": "G1",
        "priorityTier": "tier1_main5_plus_greece",
        "completed": 23,
        "withStats": 23,
        "withScores": 23,
        "missingStats": 0,
        "missingScores": 0,
        "coverage": 1.0,
        "scoreCoverage": 1.0,
        "complete": true
      },
      "after": {
        "leagueCode": "G1",
        "priorityTier": "tier1_main5_plus_greece",
        "completed": 23,
        "withStats": 23,
        "withScores": 23,
        "missingStats": 0,
        "missingScores": 0,
        "coverage": 1.0,
        "scoreCoverage": 1.0,
        "complete": true
      }
    },
    {
      "phase": "tier1_main5_plus_greece",
      "priorityTier": "tier1_main5_plus_greece",
      "leagueCode": "I1",
      "country": "Italy",
      "league": "Serie A",
      "lifecycle": "active",
      "allocatedRequests": 1198,
      "usedRequests": 1,
      "before": {
        "leagueCode": "I1",
        "priorityTier": "tier1_main5_plus_greece",
        "completed": 34,
        "withStats": 34,
        "withScores": 34,
        "missingStats": 0,
        "missingScores": 0,
        "coverage": 1.0,
        "scoreCoverage": 1.0,
        "complete": true
      },
      "after": {
        "leagueCode": "I1",
        "priorityTier": "tier1_main5_plus_greece",
        "completed": 34,
        "withStats": 34,
        "withScores": 34,
        "missingStats": 0,
        "missingScores": 0,
        "coverage": 1.0,
        "scoreCoverage": 1.0,
        "complete": true
      }
    },
    {
      "phase": "tier1_main5_plus_greece",
      "priorityTier": "tier1_main5_plus_greece",
      "leagueCode": "D1",
      "country": "Germany",
      "league": "Bundesliga",
      "lifecycle": "active",
      "allocatedRequests": 2395,
      "usedRequests": 1,
      "before": {
        "leagueCode": "D1",
        "priorityTier": "tier1_main5_plus_greece",
        "completed": 25,
        "withStats": 25,
        "withScores": 25,
        "missingStats": 0,
        "missingScores": 0,
        "coverage": 1.0,
        "scoreCoverage": 1.0,
        "complete": true
      },
      "after": {
        "leagueCode": "D1",
        "priorityTier": "tier1_main5_plus_greece",
        "completed": 25,
        "withStats": 25,
        "withScores": 25,
        "missingStats": 0,
        "missingScores": 0,
        "coverage": 1.0,
        "scoreCoverage": 1.0,
        "complete": true
      }
    },
    {
      "phase": "tier2_core27",
      "priorityTier": "tier2_core27",
      "leagueCode": "FIN",
      "country": "Finland",
      "league": "Veikkausliiga",
      "lifecycle": "active",
      "allocatedRequests": 114,
      "usedRequests": 81,
      "before": {
        "leagueCode": "FIN",
        "priorityTier": "tier2_core27",
        "completed": 138,
        "withStats": 62,
        "withScores": 138,
        "missingStats": 76,
        "missingScores": 0,
        "coverage": 0.449275,
        "scoreCoverage": 1.0,
        "complete": false
      },
      "after": {
        "leagueCode": "FIN",
        "priorityTier": "tier2_core27",
        "completed": 142,
        "withStats": 66,
        "withScores": 142,
        "missingStats": 76,
        "missingScores": 0,
        "coverage": 0.464789,
        "scoreCoverage": 1.0,
        "complete": false
      }
    },
    {
      "phase": "tier2_core27",
      "priorityTier": "tier2_core27",
      "leagueCode": "ARG",
      "country": "Argentina",
      "league": "Liga Profesional Argentina",
      "lifecycle": "active",
      "allocatedRequests": 115,
      "usedRequests": 6,
      "before": {
        "leagueCode": "ARG",
        "priorityTier": "tier2_core27",
        "completed": 382,
        "withStats": 377,
        "withScores": 382,
        "missingStats": 5,
        "missingScores": 0,
        "coverage": 0.986911,
        "scoreCoverage": 1.0,
        "complete": false
      },
      "after": {
        "leagueCode": "ARG",
        "priorityTier": "tier2_core27",
        "completed": 382,
        "withStats": 378,
        "withScores": 382,
        "missingStats": 4,
        "missingScores": 0,
        "coverage": 0.989529,
        "scoreCoverage": 1.0,
        "complete": false
      }
    },
    {
      "phase": "tier2_core27",
      "priorityTier": "tier2_core27",
      "leagueCode": "BRA",
      "country": "Brazil",
      "league": "Serie A",
      "lifecycle": "active",
      "allocatedRequests": 121,
      "usedRequests": 3,
      "before": {
        "leagueCode": "BRA",
        "priorityTier": "tier2_core27",
        "completed": 261,
        "withStats": 261,
        "withScores": 261,
        "missingStats": 0,
        "missingScores": 0,
        "coverage": 1.0,
        "scoreCoverage": 1.0,
        "complete": true
      },
      "after": {
        "leagueCode": "BRA",
        "priorityTier": "tier2_core27",
        "completed": 263,
        "withStats": 263,
        "withScores": 263,
        "missingStats": 0,
        "missingScores": 0,
        "coverage": 1.0,
        "scoreCoverage": 1.0,
        "complete": true
      }
    },
    {
      "phase": "tier2_core27",
      "priorityTier": "tier2_core27",
      "leagueCode": "CHN",
      "country": "China",
      "league": "Super League",
      "lifecycle": "active",
      "allocatedRequests": 128,
      "usedRequests": 1,
      "before": {
        "leagueCode": "CHN",
        "priorityTier": "tier2_core27",
        "completed": 207,
        "withStats": 207,
        "withScores": 207,
        "missingStats": 0,
        "missingScores": 0,
        "coverage": 1.0,
        "scoreCoverage": 1.0,
        "complete": true
      },
      "after": {
        "leagueCode": "CHN",
        "priorityTier": "tier2_core27",
        "completed": 207,
        "withStats": 207,
        "withScores": 207,
        "missingStats": 0,
        "missingScores": 0,
        "coverage": 1.0,
        "scoreCoverage": 1.0,
        "complete": true
      }
    },
    {
      "phase": "tier2_core27",
      "priorityTier": "tier2_core27",
      "leagueCode": "NOR",
      "country": "Norway",
      "league": "Eliteserien",
      "lifecycle": "active",
      "allocatedRequests": 135,
      "usedRequests": 1,
      "before": {
        "leagueCode": "NOR",
        "priorityTier": "tier2_core27",
        "completed": 154,
        "withStats": 154,
        "withScores": 154,
        "missingStats": 0,
        "missingScores": 0,
        "coverage": 1.0,
        "scoreCoverage": 1.0,
        "complete": true
      },
      "after": {
        "leagueCode": "NOR",
        "priorityTier": "tier2_core27",
        "completed": 154,
        "withStats": 154,
        "withScores": 154,
        "missingStats": 0,
        "missingScores": 0,
        "coverage": 1.0,
        "scoreCoverage": 1.0,
        "complete": true
      }
    },
    {
      "phase": "tier2_core27",
      "priorityTier": "tier2_core27",
      "leagueCode": "SWE",
      "country": "Sweden",
      "league": "Allsvenskan",
      "lifecycle": "active",
      "allocatedRequests": 143,
      "usedRequests": 1,
      "before": {
        "leagueCode": "SWE",
        "priorityTier": "tier2_core27",
        "completed": 162,
        "withStats": 162,
        "withScores": 162,
        "missingStats": 0,
        "missingScores": 0,
        "coverage": 1.0,
        "scoreCoverage": 1.0,
        "complete": true
      },
      "after": {
        "leagueCode": "SWE",
        "priorityTier": "tier2_core27",
        "completed": 162,
        "withStats": 162,
        "withScores": 162,
        "missingStats": 0,
        "missingScores": 0,
        "coverage": 1.0,
        "scoreCoverage": 1.0,
        "complete": true
      }
    },
    {
      "phase": "tier2_core27",
      "priorityTier": "tier2_core27",
      "leagueCode": "MEX",
      "country": "Mexico",
      "league": "Liga MX",
      "lifecycle": "active",
      "allocatedRequests": 153,
      "usedRequests": 4,
      "before": {
        "leagueCode": "MEX",
        "priorityTier": "tier2_core27",
        "completed": 63,
        "withStats": 63,
        "withScores": 63,
        "missingStats": 0,
        "missingScores": 0,
        "coverage": 1.0,
        "scoreCoverage": 1.0,
        "complete": true
      },
      "after": {
        "leagueCode": "MEX",
        "priorityTier": "tier2_core27",
        "completed": 66,
        "withStats": 66,
        "withScores": 66,
        "missingStats": 0,
        "missingScores": 0,
        "coverage": 1.0,
        "scoreCoverage": 1.0,
        "complete": true
      }
    },
    {
      "phase": "tier2_core27",
      "priorityTier": "tier2_core27",
      "leagueCode": "ROM",
      "country": "Romania",
      "league": "Liga I",
      "lifecycle": "active",
      "allocatedRequests": 164,
      "usedRequests": 1,
      "before": {
        "leagueCode": "ROM",
        "priorityTier": "tier2_core27",
        "completed": 67,
        "withStats": 67,
        "withScores": 67,
        "missingStats": 0,
        "missingScores": 0,
        "coverage": 1.0,
        "scoreCoverage": 1.0,
        "complete": true
      },
      "after": {
        "leagueCode": "ROM",
        "priorityTier": "tier2_core27",
        "completed": 67,
        "withStats": 67,
        "withScores": 67,
        "missingStats": 0,
        "missingScores": 0,
        "coverage": 1.0,
        "scoreCoverage": 1.0,
        "complete": true
      }
    },
    {
      "phase": "tier2_core27",
      "priorityTier": "tier2_core27",
      "leagueCode": "DNK",
      "country": "Denmark",
      "league": "Superliga",
      "lifecycle": "active",
      "allocatedRequests": 176,
      "usedRequests": 1,
      "before": {
        "leagueCode": "DNK",
        "priorityTier": "tier2_core27",
        "completed": 43,
        "withStats": 43,
        "withScores": 43,
        "missingStats": 0,
        "missingScores": 0,
        "coverage": 1.0,
        "scoreCoverage": 1.0,
        "complete": true
      },
      "after": {
        "leagueCode": "DNK",
        "priorityTier": "tier2_core27",
        "completed": 43,
        "withStats": 43,
        "withScores": 43,
        "missingStats": 0,
        "missingScores": 0,
        "coverage": 1.0,
        "scoreCoverage": 1.0,
        "complete": true
      }
    },
    {
      "phase": "tier2_core27",
      "priorityTier": "tier2_core27",
      "leagueCode": "POL",
      "country": "Poland",
      "league": "Ekstraklasa",
      "lifecycle": "active",
      "allocatedRequests": 191,
      "usedRequests": 1,
      "before": {
        "leagueCode": "POL",
        "priorityTier": "tier2_core27",
        "completed": 63,
        "withStats": 63,
        "withScores": 63,
        "missingStats": 0,
        "missingScores": 0,
        "coverage": 1.0,
        "scoreCoverage": 1.0,
        "complete": true
      },
      "after": {
        "leagueCode": "POL",
        "priorityTier": "tier2_core27",
        "completed": 63,
        "withStats": 63,
        "withScores": 63,
        "missingStats": 0,
        "missingScores": 0,
        "coverage": 1.0,
        "scoreCoverage": 1.0,
        "complete": true
      }
    },
    {
      "phase": "tier2_core27",
      "priorityTier": "tier2_core27",
      "leagueCode": "RUS",
      "country": "Russia",
      "league": "Premier League",
      "lifecycle": "active",
      "allocatedRequests": 208,
      "usedRequests": 1,
      "before": {
        "leagueCode": "RUS",
        "priorityTier": "tier2_core27",
        "completed": 61,
        "withStats": 61,
        "withScores": 61,
        "missingStats": 0,
        "missingScores": 0,
        "coverage": 1.0,
        "scoreCoverage": 1.0,
        "complete": true
      },
      "after": {
        "leagueCode": "RUS",
        "priorityTier": "tier2_core27",
        "completed": 61,
        "withStats": 61,
        "withScores": 61,
        "missingStats": 0,
        "missingScores": 0,
        "coverage": 1.0,
        "scoreCoverage": 1.0,
        "complete": true
      }
    },
    {
      "phase": "tier2_core27",
      "priorityTier": "tier2_core27",
      "leagueCode": "SWZ",
      "country": "Switzerland",
      "league": "Super League",
      "lifecycle": "active",
      "allocatedRequests": 229,
      "usedRequests": 1,
      "before": {
        "leagueCode": "SWZ",
        "priorityTier": "tier2_core27",
        "completed": 42,
        "withStats": 42,
        "withScores": 42,
        "missingStats": 0,
        "missingScores": 0,
        "coverage": 1.0,
        "scoreCoverage": 1.0,
        "complete": true
      },
      "after": {
        "leagueCode": "SWZ",
        "priorityTier": "tier2_core27",
        "completed": 42,
        "withStats": 42,
        "withScores": 42,
        "missingStats": 0,
        "missingScores": 0,
        "coverage": 1.0,
        "scoreCoverage": 1.0,
        "complete": true
      }
    },
    {
      "phase": "tier2_core27",
      "priorityTier": "tier2_core27",
      "leagueCode": "AUT",
      "country": "Austria",
      "league": "Bundesliga",
      "lifecycle": "active",
      "allocatedRequests": 254,
      "usedRequests": 1,
      "before": {
        "leagueCode": "AUT",
        "priorityTier": "tier2_core27",
        "completed": 33,
        "withStats": 33,
        "withScores": 33,
        "missingStats": 0,
        "missingScores": 0,
        "coverage": 1.0,
        "scoreCoverage": 1.0,
        "complete": true
      },
      "after": {
        "leagueCode": "AUT",
        "priorityTier": "tier2_core27",
        "completed": 33,
        "withStats": 33,
        "withScores": 33,
        "missingStats": 0,
        "missingScores": 0,
        "coverage": 1.0,
        "scoreCoverage": 1.0,
        "complete": true
      }
    },
    {
      "phase": "tier2_core27",
      "priorityTier": "tier2_core27",
      "leagueCode": "SC0",
      "country": "Scotland",
      "league": "Premiership",
      "lifecycle": "active",
      "allocatedRequests": 286,
      "usedRequests": 1,
      "before": {
        "leagueCode": "SC0",
        "priorityTier": "tier2_core27",
        "completed": 33,
        "withStats": 33,
        "withScores": 33,
        "missingStats": 0,
        "missingScores": 0,
        "coverage": 1.0,
        "scoreCoverage": 1.0,
        "complete": true
      },
      "after": {
        "leagueCode": "SC0",
        "priorityTier": "tier2_core27",
        "completed": 33,
        "withStats": 33,
        "withScores": 33,
        "missingStats": 0,
        "missingScores": 0,
        "coverage": 1.0,
        "scoreCoverage": 1.0,
        "complete": true
      }
    },
    {
      "phase": "tier2_core27",
      "priorityTier": "tier2_core27",
      "leagueCode": "B1",
      "country": "Belgium",
      "league": "Jupiler Pro League",
      "lifecycle": "active",
      "allocatedRequests": 327,
      "usedRequests": 5,
      "before": {
        "leagueCode": "B1",
        "priorityTier": "tier2_core27",
        "completed": 46,
        "withStats": 46,
        "withScores": 46,
        "missingStats": 0,
        "missingScores": 0,
        "coverage": 1.0,
        "scoreCoverage": 1.0,
        "complete": true
      },
      "after": {
        "leagueCode": "B1",
        "priorityTier": "tier2_core27",
        "completed": 50,
        "withStats": 50,
        "withScores": 50,
        "missingStats": 0,
        "missingScores": 0,
        "coverage": 1.0,
        "scoreCoverage": 1.0,
        "complete": true
      }
    },
    {
      "phase": "tier2_core27",
      "priorityTier": "tier2_core27",
      "leagueCode": "N1",
      "country": "Netherlands",
      "league": "Eredivisie",
      "lifecycle": "active",
      "allocatedRequests": 380,
      "usedRequests": 1,
      "before": {
        "leagueCode": "N1",
        "priorityTier": "tier2_core27",
        "completed": 49,
        "withStats": 49,
        "withScores": 49,
        "missingStats": 0,
        "missingScores": 0,
        "coverage": 1.0,
        "scoreCoverage": 1.0,
        "complete": true
      },
      "after": {
        "leagueCode": "N1",
        "priorityTier": "tier2_core27",
        "completed": 49,
        "withStats": 49,
        "withScores": 49,
        "missingStats": 0,
        "missingScores": 0,
        "coverage": 1.0,
        "scoreCoverage": 1.0,
        "complete": true
      }
    },
    {
      "phase": "tier2_core27",
      "priorityTier": "tier2_core27",
      "leagueCode": "P1",
      "country": "Portugal",
      "league": "Liga Portugal",
      "lifecycle": "active",
      "allocatedRequests": 456,
      "usedRequests": 1,
      "before": {
        "leagueCode": "P1",
        "priorityTier": "tier2_core27",
        "completed": 47,
        "withStats": 47,
        "withScores": 47,
        "missingStats": 0,
        "missingScores": 0,
        "coverage": 1.0,
        "scoreCoverage": 1.0,
        "complete": true
      },
      "after": {
        "leagueCode": "P1",
        "priorityTier": "tier2_core27",
        "completed": 47,
        "withStats": 47,
        "withScores": 47,
        "missingStats": 0,
        "missingScores": 0,
        "coverage": 1.0,
        "scoreCoverage": 1.0,
        "complete": true
      }
    },
    {
      "phase": "tier2_core27",
      "priorityTier": "tier2_core27",
      "leagueCode": "E1",
      "country": "England",
      "league": "Championship",
      "lifecycle": "active",
      "allocatedRequests": 570,
      "usedRequests": 1,
      "before": {
        "leagueCode": "E1",
        "priorityTier": "tier2_core27",
        "completed": 80,
        "withStats": 80,
        "withScores": 80,
        "missingStats": 0,
        "missingScores": 0,
        "coverage": 1.0,
        "scoreCoverage": 1.0,
        "complete": true
      },
      "after": {
        "leagueCode": "E1",
        "priorityTier": "tier2_core27",
        "completed": 80,
        "withStats": 80,
        "withScores": 80,
        "missingStats": 0,
        "missingScores": 0,
        "coverage": 1.0,
        "scoreCoverage": 1.0,
        "complete": true
      }
    },
    {
      "phase": "tier2_core27",
      "priorityTier": "tier2_core27",
      "leagueCode": "T1",
      "country": "Turkey",
      "league": "Süper Lig",
      "lifecycle": "active",
      "allocatedRequests": 760,
      "usedRequests": 1,
      "before": {
        "leagueCode": "T1",
        "priorityTier": "tier2_core27",
        "completed": 41,
        "withStats": 41,
        "withScores": 41,
        "missingStats": 0,
        "missingScores": 0,
        "coverage": 1.0,
        "scoreCoverage": 1.0,
        "complete": true
      },
      "after": {
        "leagueCode": "T1",
        "priorityTier": "tier2_core27",
        "completed": 41,
        "withStats": 41,
        "withScores": 41,
        "missingStats": 0,
        "missingScores": 0,
        "coverage": 1.0,
        "scoreCoverage": 1.0,
        "complete": true
      }
    },
    {
      "phase": "tier2_core27",
      "priorityTier": "tier2_core27",
      "leagueCode": "E2",
      "country": "England",
      "league": "League One",
      "lifecycle": "active",
      "allocatedRequests": 1140,
      "usedRequests": 1,
      "before": {
        "leagueCode": "E2",
        "priorityTier": "tier2_core27",
        "completed": 71,
        "withStats": 71,
        "withScores": 71,
        "missingStats": 0,
        "missingScores": 0,
        "coverage": 1.0,
        "scoreCoverage": 1.0,
        "complete": true
      },
      "after": {
        "leagueCode": "E2",
        "priorityTier": "tier2_core27",
        "completed": 71,
        "withStats": 71,
        "withScores": 71,
        "missingStats": 0,
        "missingScores": 0,
        "coverage": 1.0,
        "scoreCoverage": 1.0,
        "complete": true
      }
    },
    {
      "phase": "tier2_core27",
      "priorityTier": "tier2_core27",
      "leagueCode": "E3",
      "country": "England",
      "league": "League Two",
      "lifecycle": "active",
      "allocatedRequests": 2280,
      "usedRequests": 1,
      "before": {
        "leagueCode": "E3",
        "priorityTier": "tier2_core27",
        "completed": 72,
        "withStats": 72,
        "withScores": 72,
        "missingStats": 0,
        "missingScores": 0,
        "coverage": 1.0,
        "scoreCoverage": 1.0,
        "complete": true
      },
      "after": {
        "leagueCode": "E3",
        "priorityTier": "tier2_core27",
        "completed": 72,
        "withStats": 72,
        "withScores": 72,
        "missingStats": 0,
        "missingScores": 0,
        "coverage": 1.0,
        "scoreCoverage": 1.0,
        "complete": true
      }
    },
    {
      "phase": "tier3_restored26",
      "priorityTier": "tier3_restored26",
      "leagueCode": "MAR",
      "country": "Morocco",
      "league": "Botola Pro",
      "lifecycle": "starts_soon",
      "allocatedRequests": 54,
      "usedRequests": 1,
      "before": {
        "leagueCode": "MAR",
        "priorityTier": "tier3_restored26",
        "completed": 0,
        "withStats": 0,
        "withScores": 0,
        "missingStats": 0,
        "missingScores": 0,
        "coverage": 0.0,
        "scoreCoverage": 0.0,
        "complete": false
      },
      "after": {
        "leagueCode": "MAR",
        "priorityTier": "tier3_restored26",
        "completed": 0,
        "withStats": 0,
        "withScores": 0,
        "missingStats": 0,
        "missingScores": 0,
        "coverage": 0.0,
        "scoreCoverage": 0.0,
        "complete": false
      }
    },
    {
      "phase": "tier3_restored26",
      "priorityTier": "tier3_restored26",
      "leagueCode": "AUS",
      "country": "Australia",
      "league": "A-League",
      "lifecycle": "starts_soon",
      "allocatedRequests": 55,
      "usedRequests": 1,
      "before": {
        "leagueCode": "AUS",
        "priorityTier": "tier3_restored26",
        "completed": 0,
        "withStats": 0,
        "withScores": 0,
        "missingStats": 0,
        "missingScores": 0,
        "coverage": 0.0,
        "scoreCoverage": 0.0,
        "complete": false
      },
      "after": {
        "leagueCode": "AUS",
        "priorityTier": "tier3_restored26",
        "completed": 0,
        "withStats": 0,
        "withScores": 0,
        "missingStats": 0,
        "missingScores": 0,
        "coverage": 0.0,
        "scoreCoverage": 0.0,
        "complete": false
      }
    },
    {
      "phase": "tier3_restored26",
      "priorityTier": "tier3_restored26",
      "leagueCode": "URU",
      "country": "Uruguay",
      "league": "Primera División",
      "lifecycle": "active",
      "allocatedRequests": 56,
      "usedRequests": 56,
      "before": {
        "leagueCode": "URU",
        "priorityTier": "tier3_restored26",
        "completed": 216,
        "withStats": 0,
        "withScores": 216,
        "missingStats": 216,
        "missingScores": 0,
        "coverage": 0.0,
        "scoreCoverage": 1.0,
        "complete": false
      },
      "after": {
        "leagueCode": "URU",
        "priorityTier": "tier3_restored26",
        "completed": 219,
        "withStats": 0,
        "withScores": 219,
        "missingStats": 219,
        "missingScores": 0,
        "coverage": 0.0,
        "scoreCoverage": 1.0,
        "complete": false
      }
    },
    {
      "phase": "tier3_restored26",
      "priorityTier": "tier3_restored26",
      "leagueCode": "LTU",
      "country": "Lithuania",
      "league": "A Lyga",
      "lifecycle": "active",
      "allocatedRequests": 56,
      "usedRequests": 56,
      "before": {
        "leagueCode": "LTU",
        "priorityTier": "tier3_restored26",
        "completed": 134,
        "withStats": 0,
        "withScores": 134,
        "missingStats": 134,
        "missingScores": 0,
        "coverage": 0.0,
        "scoreCoverage": 1.0,
        "complete": false
      },
      "after": {
        "leagueCode": "LTU",
        "priorityTier": "tier3_restored26",
        "completed": 134,
        "withStats": 0,
        "withScores": 134,
        "missingStats": 134,
        "missingScores": 0,
        "coverage": 0.0,
        "scoreCoverage": 1.0,
        "complete": false
      }
    },
    {
      "phase": "tier3_restored26",
      "priorityTier": "tier3_restored26",
      "leagueCode": "EST",
      "country": "Estonia",
      "league": "Meistriliiga",
      "lifecycle": "active",
      "allocatedRequests": 56,
      "usedRequests": 56,
      "before": {
        "leagueCode": "EST",
        "priorityTier": "tier3_restored26",
        "completed": 133,
        "withStats": 0,
        "withScores": 133,
        "missingStats": 133,
        "missingScores": 0,
        "coverage": 0.0,
        "scoreCoverage": 1.0,
        "complete": false
      },
      "after": {
        "leagueCode": "EST",
        "priorityTier": "tier3_restored26",
        "completed": 136,
        "withStats": 0,
        "withScores": 136,
        "missingStats": 136,
        "missingScores": 0,
        "coverage": 0.0,
        "scoreCoverage": 1.0,
        "complete": false
      }
    },
    {
      "phase": "tier3_restored26",
      "priorityTier": "tier3_restored26",
      "leagueCode": "LVA",
      "country": "Latvia",
      "league": "Virsliga",
      "lifecycle": "active",
      "allocatedRequests": 57,
      "usedRequests": 57,
      "before": {
        "leagueCode": "LVA",
        "priorityTier": "tier3_restored26",
        "completed": 146,
        "withStats": 0,
        "withScores": 146,
        "missingStats": 146,
        "missingScores": 0,
        "coverage": 0.0,
        "scoreCoverage": 1.0,
        "complete": false
      },
      "after": {
        "leagueCode": "LVA",
        "priorityTier": "tier3_restored26",
        "completed": 146,
        "withStats": 0,
        "withScores": 146,
        "missingStats": 146,
        "missingScores": 0,
        "coverage": 0.0,
        "scoreCoverage": 1.0,
        "complete": false
      }
    },
    {
      "phase": "tier3_restored26",
      "priorityTier": "tier3_restored26",
      "leagueCode": "FIN2",
      "country": "Finland",
      "league": "Ykkösliiga",
      "lifecycle": "active",
      "allocatedRequests": 57,
      "usedRequests": 57,
      "before": {
        "leagueCode": "FIN2",
        "priorityTier": "tier3_restored26",
        "completed": 115,
        "withStats": 0,
        "withScores": 115,
        "missingStats": 115,
        "missingScores": 0,
        "coverage": 0.0,
        "scoreCoverage": 1.0,
        "complete": false
      },
      "after": {
        "leagueCode": "FIN2",
        "priorityTier": "tier3_restored26",
        "completed": 115,
        "withStats": 0,
        "withScores": 115,
        "missingStats": 115,
        "missingScores": 0,
        "coverage": 0.0,
        "scoreCoverage": 1.0,
        "complete": false
      }
    },
    {
      "phase": "tier3_restored26",
      "priorityTier": "tier3_restored26",
      "leagueCode": "NOR2",
      "country": "Norway",
      "league": "OBOS-ligaen",
      "lifecycle": "active",
      "allocatedRequests": 57,
      "usedRequests": 57,
      "before": {
        "leagueCode": "NOR2",
        "priorityTier": "tier3_restored26",
        "completed": 168,
        "withStats": 0,
        "withScores": 168,
        "missingStats": 168,
        "missingScores": 0,
        "coverage": 0.0,
        "scoreCoverage": 1.0,
        "complete": false
      },
      "after": {
        "leagueCode": "NOR2",
        "priorityTier": "tier3_restored26",
        "completed": 169,
        "withStats": 0,
        "withScores": 169,
        "missingStats": 169,
        "missingScores": 0,
        "coverage": 0.0,
        "scoreCoverage": 1.0,
        "complete": false
      }
    },
    {
      "phase": "tier3_restored26",
      "priorityTier": "tier3_restored26",
      "leagueCode": "ISL",
      "country": "Iceland",
      "league": "Úrvalsdeild",
      "lifecycle": "active",
      "allocatedRequests": 57,
      "usedRequests": 57,
      "before": {
        "leagueCode": "ISL",
        "priorityTier": "tier3_restored26",
        "completed": 132,
        "withStats": 0,
        "withScores": 132,
        "missingStats": 132,
        "missingScores": 0,
        "coverage": 0.0,
        "scoreCoverage": 1.0,
        "complete": false
      },
      "after": {
        "leagueCode": "ISL",
        "priorityTier": "tier3_restored26",
        "completed": 132,
        "withStats": 0,
        "withScores": 132,
        "missingStats": 132,
        "missingScores": 0,
        "coverage": 0.0,
        "scoreCoverage": 1.0,
        "complete": false
      }
    },
    {
      "phase": "tier3_restored26",
      "priorityTier": "tier3_restored26",
      "leagueCode": "SVN",
      "country": "Slovenia",
      "league": "1. SNL",
      "lifecycle": "active",
      "allocatedRequests": 57,
      "usedRequests": 43,
      "before": {
        "leagueCode": "SVN",
        "priorityTier": "tier3_restored26",
        "completed": 42,
        "withStats": 0,
        "withScores": 42,
        "missingStats": 42,
        "missingScores": 0,
        "coverage": 0.0,
        "scoreCoverage": 1.0,
        "complete": false
      },
      "after": {
        "leagueCode": "SVN",
        "priorityTier": "tier3_restored26",
        "completed": 42,
        "withStats": 0,
        "withScores": 42,
        "missingStats": 42,
        "missingScores": 0,
        "coverage": 0.0,
        "scoreCoverage": 1.0,
        "complete": false
      }
    },
    {
      "phase": "tier3_restored26",
      "priorityTier": "tier3_restored26",
      "leagueCode": "SVK",
      "country": "Slovakia",
      "league": "Super Liga",
      "lifecycle": "active",
      "allocatedRequests": 57,
      "usedRequests": 45,
      "before": {
        "leagueCode": "SVK",
        "priorityTier": "tier3_restored26",
        "completed": 44,
        "withStats": 0,
        "withScores": 44,
        "missingStats": 44,
        "missingScores": 0,
        "coverage": 0.0,
        "scoreCoverage": 1.0,
        "complete": false
      },
      "after": {
        "leagueCode": "SVK",
        "priorityTier": "tier3_restored26",
        "completed": 44,
        "withStats": 0,
        "withScores": 44,
        "missingStats": 44,
        "missingScores": 0,
        "coverage": 0.0,
        "scoreCoverage": 1.0,
        "complete": false
      }
    },
    {
      "phase": "tier3_restored26",
      "priorityTier": "tier3_restored26",
      "leagueCode": "AUT2",
      "country": "Austria",
      "league": "2. Liga",
      "lifecycle": "active",
      "allocatedRequests": 57,
      "usedRequests": 48,
      "before": {
        "leagueCode": "AUT2",
        "priorityTier": "tier3_restored26",
        "completed": 47,
        "withStats": 0,
        "withScores": 47,
        "missingStats": 47,
        "missingScores": 0,
        "coverage": 0.0,
        "scoreCoverage": 1.0,
        "complete": false
      },
      "after": {
        "leagueCode": "AUT2",
        "priorityTier": "tier3_restored26",
        "completed": 47,
        "withStats": 0,
        "withScores": 47,
        "missingStats": 47,
        "missingScores": 0,
        "coverage": 0.0,
        "scoreCoverage": 1.0,
        "complete": false
      }
    },
    {
      "phase": "tier3_restored26",
      "priorityTier": "tier3_restored26",
      "leagueCode": "SC1",
      "country": "Scotland",
      "league": "Championship",
      "lifecycle": "active",
      "allocatedRequests": 58,
      "usedRequests": 30,
      "before": {
        "leagueCode": "SC1",
        "priorityTier": "tier3_restored26",
        "completed": 29,
        "withStats": 0,
        "withScores": 29,
        "missingStats": 29,
        "missingScores": 0,
        "coverage": 0.0,
        "scoreCoverage": 1.0,
        "complete": false
      },
      "after": {
        "leagueCode": "SC1",
        "priorityTier": "tier3_restored26",
        "completed": 29,
        "withStats": 0,
        "withScores": 29,
        "missingStats": 29,
        "missingScores": 0,
        "coverage": 0.0,
        "scoreCoverage": 1.0,
        "complete": false
      }
    },
    {
      "phase": "tier3_restored26",
      "priorityTier": "tier3_restored26",
      "leagueCode": "SC2",
      "country": "Scotland",
      "league": "League One",
      "lifecycle": "active",
      "allocatedRequests": 59,
      "usedRequests": 34,
      "before": {
        "leagueCode": "SC2",
        "priorityTier": "tier3_restored26",
        "completed": 29,
        "withStats": 0,
        "withScores": 29,
        "missingStats": 29,
        "missingScores": 0,
        "coverage": 0.0,
        "scoreCoverage": 1.0,
        "complete": false
      },
      "after": {
        "leagueCode": "SC2",
        "priorityTier": "tier3_restored26",
        "completed": 33,
        "withStats": 0,
        "withScores": 33,
        "missingStats": 33,
        "missingScores": 0,
        "coverage": 0.0,
        "scoreCoverage": 1.0,
        "complete": false
      }
    },
    {
      "phase": "tier3_restored26",
      "priorityTier": "tier3_restored26",
      "leagueCode": "SC3",
      "country": "Scotland",
      "league": "League Two",
      "lifecycle": "active",
      "allocatedRequests": 60,
      "usedRequests": 36,
      "before": {
        "leagueCode": "SC3",
        "priorityTier": "tier3_restored26",
        "completed": 35,
        "withStats": 0,
        "withScores": 35,
        "missingStats": 35,
        "missingScores": 0,
        "coverage": 0.0,
        "scoreCoverage": 1.0,
        "complete": false
      },
      "after": {
        "leagueCode": "SC3",
        "priorityTier": "tier3_restored26",
        "completed": 35,
        "withStats": 0,
        "withScores": 35,
        "missingStats": 35,
        "missingScores": 0,
        "coverage": 0.0,
        "scoreCoverage": 1.0,
        "complete": false
      }
    },
    {
      "phase": "tier3_restored26",
      "priorityTier": "tier3_restored26",
      "leagueCode": "UKR",
      "country": "Ukraine",
      "league": "Premier League",
      "lifecycle": "active",
      "allocatedRequests": 60,
      "usedRequests": 41,
      "before": {
        "leagueCode": "UKR",
        "priorityTier": "tier3_restored26",
        "completed": 40,
        "withStats": 0,
        "withScores": 40,
        "missingStats": 40,
        "missingScores": 0,
        "coverage": 0.0,
        "scoreCoverage": 1.0,
        "complete": false
      },
      "after": {
        "leagueCode": "UKR",
        "priorityTier": "tier3_restored26",
        "completed": 40,
        "withStats": 0,
        "withScores": 40,
        "missingStats": 40,
        "missingScores": 0,
        "coverage": 0.0,
        "scoreCoverage": 1.0,
        "complete": false
      }
    },
    {
      "phase": "tier3_restored26",
      "priorityTier": "tier3_restored26",
      "leagueCode": "EC",
      "country": "England",
      "league": "National League",
      "lifecycle": "active",
      "allocatedRequests": 61,
      "usedRequests": 61,
      "before": {
        "leagueCode": "EC",
        "priorityTier": "tier3_restored26",
        "completed": 84,
        "withStats": 0,
        "withScores": 84,
        "missingStats": 84,
        "missingScores": 0,
        "coverage": 0.0,
        "scoreCoverage": 1.0,
        "complete": false
      },
      "after": {
        "leagueCode": "EC",
        "priorityTier": "tier3_restored26",
        "completed": 84,
        "withStats": 0,
        "withScores": 84,
        "missingStats": 84,
        "missingScores": 0,
        "coverage": 0.0,
        "scoreCoverage": 1.0,
        "complete": false
      }
    },
    {
      "phase": "tier3_restored26",
      "priorityTier": "tier3_restored26",
      "leagueCode": "CYP",
      "country": "Cyprus",
      "league": "1. Division",
      "lifecycle": "active",
      "allocatedRequests": 61,
      "usedRequests": 19,
      "before": {
        "leagueCode": "CYP",
        "priorityTier": "tier3_restored26",
        "completed": 18,
        "withStats": 0,
        "withScores": 18,
        "missingStats": 18,
        "missingScores": 0,
        "coverage": 0.0,
        "scoreCoverage": 1.0,
        "complete": false
      },
      "after": {
        "leagueCode": "CYP",
        "priorityTier": "tier3_restored26",
        "completed": 18,
        "withStats": 0,
        "withScores": 18,
        "missingStats": 18,
        "missingScores": 0,
        "coverage": 0.0,
        "scoreCoverage": 1.0,
        "complete": false
      }
    },
    {
      "phase": "tier3_restored26",
      "priorityTier": "tier3_restored26",
      "leagueCode": "KOR",
      "country": "South Korea",
      "league": "K League 1",
      "lifecycle": "active",
      "allocatedRequests": 63,
      "usedRequests": 63,
      "before": {
        "leagueCode": "KOR",
        "priorityTier": "tier3_restored26",
        "completed": 171,
        "withStats": 58,
        "withScores": 171,
        "missingStats": 113,
        "missingScores": 0,
        "coverage": 0.339181,
        "scoreCoverage": 1.0,
        "complete": false
      },
      "after": {
        "leagueCode": "KOR",
        "priorityTier": "tier3_restored26",
        "completed": 171,
        "withStats": 58,
        "withScores": 171,
        "missingStats": 113,
        "missingScores": 0,
        "coverage": 0.339181,
        "scoreCoverage": 1.0,
        "complete": false
      }
    },
    {
      "phase": "tier3_restored26",
      "priorityTier": "tier3_restored26",
      "leagueCode": "SWE2",
      "country": "Sweden",
      "league": "Superettan",
      "lifecycle": "active",
      "allocatedRequests": 63,
      "usedRequests": 63,
      "before": {
        "leagueCode": "SWE2",
        "priorityTier": "tier3_restored26",
        "completed": 184,
        "withStats": 69,
        "withScores": 184,
        "missingStats": 115,
        "missingScores": 0,
        "coverage": 0.375,
        "scoreCoverage": 1.0,
        "complete": false
      },
      "after": {
        "leagueCode": "SWE2",
        "priorityTier": "tier3_restored26",
        "completed": 184,
        "withStats": 69,
        "withScores": 184,
        "missingStats": 115,
        "missingScores": 0,
        "coverage": 0.375,
        "scoreCoverage": 1.0,
        "complete": false
      }
    },
    {
      "phase": "tier3_restored26",
      "priorityTier": "tier3_restored26",
      "leagueCode": "BGR",
      "country": "Bulgaria",
      "league": "First League",
      "lifecycle": "active",
      "allocatedRequests": 63,
      "usedRequests": 35,
      "before": {
        "leagueCode": "BGR",
        "priorityTier": "tier3_restored26",
        "completed": 58,
        "withStats": 24,
        "withScores": 58,
        "missingStats": 34,
        "missingScores": 0,
        "coverage": 0.413793,
        "scoreCoverage": 1.0,
        "complete": false
      },
      "after": {
        "leagueCode": "BGR",
        "priorityTier": "tier3_restored26",
        "completed": 58,
        "withStats": 26,
        "withScores": 58,
        "missingStats": 32,
        "missingScores": 0,
        "coverage": 0.448276,
        "scoreCoverage": 1.0,
        "complete": false
      }
    },
    {
      "phase": "tier3_restored26",
      "priorityTier": "tier3_restored26",
      "leagueCode": "UAE",
      "country": "United Arab Emirates",
      "league": "Pro League",
      "lifecycle": "active",
      "allocatedRequests": 64,
      "usedRequests": 16,
      "before": {
        "leagueCode": "UAE",
        "priorityTier": "tier3_restored26",
        "completed": 35,
        "withStats": 20,
        "withScores": 35,
        "missingStats": 15,
        "missingScores": 0,
        "coverage": 0.571429,
        "scoreCoverage": 1.0,
        "complete": false
      },
      "after": {
        "leagueCode": "UAE",
        "priorityTier": "tier3_restored26",
        "completed": 35,
        "withStats": 20,
        "withScores": 35,
        "missingStats": 15,
        "missingScores": 0,
        "coverage": 0.571429,
        "scoreCoverage": 1.0,
        "complete": false
      }
    },
    {
      "phase": "tier3_restored26",
      "priorityTier": "tier3_restored26",
      "leagueCode": "ISR",
      "country": "Israel",
      "league": "Ligat Ha'al",
      "lifecycle": "active",
      "allocatedRequests": 67,
      "usedRequests": 8,
      "before": {
        "leagueCode": "ISR",
        "priorityTier": "tier3_restored26",
        "completed": 21,
        "withStats": 14,
        "withScores": 21,
        "missingStats": 7,
        "missingScores": 0,
        "coverage": 0.666667,
        "scoreCoverage": 1.0,
        "complete": false
      },
      "after": {
        "leagueCode": "ISR",
        "priorityTier": "tier3_restored26",
        "completed": 21,
        "withStats": 14,
        "withScores": 21,
        "missingStats": 7,
        "missingScores": 0,
        "coverage": 0.666667,
        "scoreCoverage": 1.0,
        "complete": false
      }
    },
    {
      "phase": "tier3_restored26",
      "priorityTier": "tier3_restored26",
      "leagueCode": "HUN",
      "country": "Hungary",
      "league": "NB I",
      "lifecycle": "active",
      "allocatedRequests": 70,
      "usedRequests": 11,
      "before": {
        "leagueCode": "HUN",
        "priorityTier": "tier3_restored26",
        "completed": 41,
        "withStats": 31,
        "withScores": 41,
        "missingStats": 10,
        "missingScores": 0,
        "coverage": 0.756098,
        "scoreCoverage": 1.0,
        "complete": false
      },
      "after": {
        "leagueCode": "HUN",
        "priorityTier": "tier3_restored26",
        "completed": 41,
        "withStats": 31,
        "withScores": 41,
        "missingStats": 10,
        "missingScores": 0,
        "coverage": 0.756098,
        "scoreCoverage": 1.0,
        "complete": false
      }
    },
    {
      "phase": "tier3_restored26",
      "priorityTier": "tier3_restored26",
      "leagueCode": "EGY",
      "country": "Egypt",
      "league": "Premier League",
      "lifecycle": "active",
      "allocatedRequests": 73,
      "usedRequests": 3,
      "before": {
        "leagueCode": "EGY",
        "priorityTier": "tier3_restored26",
        "completed": 40,
        "withStats": 38,
        "withScores": 40,
        "missingStats": 2,
        "missingScores": 0,
        "coverage": 0.95,
        "scoreCoverage": 1.0,
        "complete": false
      },
      "after": {
        "leagueCode": "EGY",
        "priorityTier": "tier3_restored26",
        "completed": 40,
        "withStats": 38,
        "withScores": 40,
        "missingStats": 2,
        "missingScores": 0,
        "coverage": 0.95,
        "scoreCoverage": 1.0,
        "complete": false
      }
    },
    {
      "phase": "tier3_restored26",
      "priorityTier": "tier3_restored26",
      "leagueCode": "RSA",
      "country": "South Africa",
      "league": "Premier Soccer League",
      "lifecycle": "active",
      "allocatedRequests": 77,
      "usedRequests": 3,
      "before": {
        "leagueCode": "RSA",
        "priorityTier": "tier3_restored26",
        "completed": 46,
        "withStats": 44,
        "withScores": 46,
        "missingStats": 2,
        "missingScores": 0,
        "coverage": 0.956522,
        "scoreCoverage": 1.0,
        "complete": false
      },
      "after": {
        "leagueCode": "RSA",
        "priorityTier": "tier3_restored26",
        "completed": 46,
        "withStats": 44,
        "withScores": 46,
        "missingStats": 2,
        "missingScores": 0,
        "coverage": 0.956522,
        "scoreCoverage": 1.0,
        "complete": false
      }
    },
    {
      "phase": "tier3_restored26",
      "priorityTier": "tier3_restored26",
      "leagueCode": "IRL",
      "country": "Ireland",
      "league": "Premier Division",
      "lifecycle": "active",
      "allocatedRequests": 82,
      "usedRequests": 6,
      "before": {
        "leagueCode": "IRL",
        "priorityTier": "tier3_restored26",
        "completed": 149,
        "withStats": 144,
        "withScores": 149,
        "missingStats": 5,
        "missingScores": 0,
        "coverage": 0.966443,
        "scoreCoverage": 1.0,
        "complete": false
      },
      "after": {
        "leagueCode": "IRL",
        "priorityTier": "tier3_restored26",
        "completed": 149,
        "withStats": 144,
        "withScores": 149,
        "missingStats": 5,
        "missingScores": 0,
        "coverage": 0.966443,
        "scoreCoverage": 1.0,
        "complete": false
      }
    },
    {
      "phase": "tier3_restored26",
      "priorityTier": "tier3_restored26",
      "leagueCode": "ECU",
      "country": "Ecuador",
      "league": "Liga Pro",
      "lifecycle": "active",
      "allocatedRequests": 87,
      "usedRequests": 9,
      "before": {
        "leagueCode": "ECU",
        "priorityTier": "tier3_restored26",
        "completed": 234,
        "withStats": 227,
        "withScores": 234,
        "missingStats": 7,
        "missingScores": 0,
        "coverage": 0.970085,
        "scoreCoverage": 1.0,
        "complete": false
      },
      "after": {
        "leagueCode": "ECU",
        "priorityTier": "tier3_restored26",
        "completed": 235,
        "withStats": 230,
        "withScores": 235,
        "missingStats": 5,
        "missingScores": 0,
        "coverage": 0.978723,
        "scoreCoverage": 1.0,
        "complete": false
      }
    },
    {
      "phase": "tier3_restored26",
      "priorityTier": "tier3_restored26",
      "leagueCode": "SAU",
      "country": "Saudi Arabia",
      "league": "Pro League",
      "lifecycle": "active",
      "allocatedRequests": 93,
      "usedRequests": 2,
      "before": {
        "leagueCode": "SAU",
        "priorityTier": "tier3_restored26",
        "completed": 60,
        "withStats": 59,
        "withScores": 60,
        "missingStats": 1,
        "missingScores": 0,
        "coverage": 0.983333,
        "scoreCoverage": 1.0,
        "complete": false
      },
      "after": {
        "leagueCode": "SAU",
        "priorityTier": "tier3_restored26",
        "completed": 60,
        "withStats": 59,
        "withScores": 60,
        "missingStats": 1,
        "missingScores": 0,
        "coverage": 0.983333,
        "scoreCoverage": 1.0,
        "complete": false
      }
    },
    {
      "phase": "tier3_restored26",
      "priorityTier": "tier3_restored26",
      "leagueCode": "CHL",
      "country": "Chile",
      "league": "Primera División",
      "lifecycle": "active",
      "allocatedRequests": 100,
      "usedRequests": 2,
      "before": {
        "leagueCode": "CHL",
        "priorityTier": "tier3_restored26",
        "completed": 178,
        "withStats": 177,
        "withScores": 178,
        "missingStats": 1,
        "missingScores": 0,
        "coverage": 0.994382,
        "scoreCoverage": 1.0,
        "complete": false
      },
      "after": {
        "leagueCode": "CHL",
        "priorityTier": "tier3_restored26",
        "completed": 178,
        "withStats": 177,
        "withScores": 178,
        "missingStats": 1,
        "missingScores": 0,
        "coverage": 0.994382,
        "scoreCoverage": 1.0,
        "complete": false
      }
    },
    {
      "phase": "tier3_restored26",
      "priorityTier": "tier3_restored26",
      "leagueCode": "USA",
      "country": "USA",
      "league": "Major League Soccer",
      "lifecycle": "active",
      "allocatedRequests": 108,
      "usedRequests": 15,
      "before": {
        "leagueCode": "USA",
        "priorityTier": "tier3_restored26",
        "completed": 357,
        "withStats": 355,
        "withScores": 357,
        "missingStats": 2,
        "missingScores": 0,
        "coverage": 0.994398,
        "scoreCoverage": 1.0,
        "complete": false
      },
      "after": {
        "leagueCode": "USA",
        "priorityTier": "tier3_restored26",
        "completed": 369,
        "withStats": 367,
        "withScores": 369,
        "missingStats": 2,
        "missingScores": 0,
        "coverage": 0.99458,
        "scoreCoverage": 1.0,
        "complete": false
      }
    },
    {
      "phase": "tier3_restored26",
      "priorityTier": "tier3_restored26",
      "leagueCode": "PER",
      "country": "Peru",
      "league": "Primera División",
      "lifecycle": "active",
      "allocatedRequests": 117,
      "usedRequests": 5,
      "before": {
        "leagueCode": "PER",
        "priorityTier": "tier3_restored26",
        "completed": 227,
        "withStats": 226,
        "withScores": 227,
        "missingStats": 1,
        "missingScores": 0,
        "coverage": 0.995595,
        "scoreCoverage": 1.0,
        "complete": false
      },
      "after": {
        "leagueCode": "PER",
        "priorityTier": "tier3_restored26",
        "completed": 230,
        "withStats": 229,
        "withScores": 230,
        "missingStats": 1,
        "missingScores": 0,
        "coverage": 0.995652,
        "scoreCoverage": 1.0,
        "complete": false
      }
    },
    {
      "phase": "tier3_restored26",
      "priorityTier": "tier3_restored26",
      "leagueCode": "COL",
      "country": "Colombia",
      "league": "Primera A",
      "lifecycle": "active",
      "allocatedRequests": 128,
      "usedRequests": 5,
      "before": {
        "leagueCode": "COL",
        "priorityTier": "tier3_restored26",
        "completed": 276,
        "withStats": 275,
        "withScores": 276,
        "missingStats": 1,
        "missingScores": 0,
        "coverage": 0.996377,
        "scoreCoverage": 1.0,
        "complete": false
      },
      "after": {
        "leagueCode": "COL",
        "priorityTier": "tier3_restored26",
        "completed": 279,
        "withStats": 278,
        "withScores": 279,
        "missingStats": 1,
        "missingScores": 0,
        "coverage": 0.996416,
        "scoreCoverage": 1.0,
        "complete": false
      }
    },
    {
      "phase": "tier3_restored26",
      "priorityTier": "tier3_restored26",
      "leagueCode": "BRA2",
      "country": "Brazil",
      "league": "Serie B",
      "lifecycle": "active",
      "allocatedRequests": 142,
      "usedRequests": 1,
      "before": {
        "leagueCode": "BRA2",
        "priorityTier": "tier3_restored26",
        "completed": 270,
        "withStats": 270,
        "withScores": 270,
        "missingStats": 0,
        "missingScores": 0,
        "coverage": 1.0,
        "scoreCoverage": 1.0,
        "complete": true
      },
      "after": {
        "leagueCode": "BRA2",
        "priorityTier": "tier3_restored26",
        "completed": 270,
        "withStats": 270,
        "withScores": 270,
        "missingStats": 0,
        "missingScores": 0,
        "coverage": 1.0,
        "scoreCoverage": 1.0,
        "complete": true
      }
    },
    {
      "phase": "tier3_restored26",
      "priorityTier": "tier3_restored26",
      "leagueCode": "SRB",
      "country": "Serbia",
      "league": "Super Liga",
      "lifecycle": "active",
      "allocatedRequests": 159,
      "usedRequests": 1,
      "before": {
        "leagueCode": "SRB",
        "priorityTier": "tier3_restored26",
        "completed": 56,
        "withStats": 56,
        "withScores": 56,
        "missingStats": 0,
        "missingScores": 0,
        "coverage": 1.0,
        "scoreCoverage": 1.0,
        "complete": true
      },
      "after": {
        "leagueCode": "SRB",
        "priorityTier": "tier3_restored26",
        "completed": 56,
        "withStats": 56,
        "withScores": 56,
        "missingStats": 0,
        "missingScores": 0,
        "coverage": 1.0,
        "scoreCoverage": 1.0,
        "complete": true
      }
    },
    {
      "phase": "tier3_restored26",
      "priorityTier": "tier3_restored26",
      "leagueCode": "CZE",
      "country": "Czech Republic",
      "league": "Czech Liga",
      "lifecycle": "active",
      "allocatedRequests": 182,
      "usedRequests": 1,
      "before": {
        "leagueCode": "CZE",
        "priorityTier": "tier3_restored26",
        "completed": 59,
        "withStats": 59,
        "withScores": 59,
        "missingStats": 0,
        "missingScores": 0,
        "coverage": 1.0,
        "scoreCoverage": 1.0,
        "complete": true
      },
      "after": {
        "leagueCode": "CZE",
        "priorityTier": "tier3_restored26",
        "completed": 59,
        "withStats": 59,
        "withScores": 59,
        "missingStats": 0,
        "missingScores": 0,
        "coverage": 1.0,
        "scoreCoverage": 1.0,
        "complete": true
      }
    },
    {
      "phase": "tier3_restored26",
      "priorityTier": "tier3_restored26",
      "leagueCode": "CRO",
      "country": "Croatia",
      "league": "HNL",
      "lifecycle": "active",
      "allocatedRequests": 212,
      "usedRequests": 1,
      "before": {
        "leagueCode": "CRO",
        "priorityTier": "tier3_restored26",
        "completed": 31,
        "withStats": 31,
        "withScores": 31,
        "missingStats": 0,
        "missingScores": 0,
        "coverage": 1.0,
        "scoreCoverage": 1.0,
        "complete": true
      },
      "after": {
        "leagueCode": "CRO",
        "priorityTier": "tier3_restored26",
        "completed": 31,
        "withStats": 31,
        "withScores": 31,
        "missingStats": 0,
        "missingScores": 0,
        "coverage": 1.0,
        "scoreCoverage": 1.0,
        "complete": true
      }
    },
    {
      "phase": "tier3_restored26",
      "priorityTier": "tier3_restored26",
      "leagueCode": "D2",
      "country": "Germany",
      "league": "Bundesliga 2",
      "lifecycle": "active",
      "allocatedRequests": 254,
      "usedRequests": 1,
      "before": {
        "leagueCode": "D2",
        "priorityTier": "tier3_restored26",
        "completed": 42,
        "withStats": 42,
        "withScores": 42,
        "missingStats": 0,
        "missingScores": 0,
        "coverage": 1.0,
        "scoreCoverage": 1.0,
        "complete": true
      },
      "after": {
        "leagueCode": "D2",
        "priorityTier": "tier3_restored26",
        "completed": 42,
        "withStats": 42,
        "withScores": 42,
        "missingStats": 0,
        "missingScores": 0,
        "coverage": 1.0,
        "scoreCoverage": 1.0,
        "complete": true
      }
    },
    {
      "phase": "tier3_restored26",
      "priorityTier": "tier3_restored26",
      "leagueCode": "JPN",
      "country": "Japan",
      "league": "J1 League",
      "lifecycle": "active",
      "allocatedRequests": 318,
      "usedRequests": 7,
      "before": {
        "leagueCode": "JPN",
        "priorityTier": "tier3_restored26",
        "completed": 62,
        "withStats": 62,
        "withScores": 62,
        "missingStats": 0,
        "missingScores": 0,
        "coverage": 1.0,
        "scoreCoverage": 1.0,
        "complete": true
      },
      "after": {
        "leagueCode": "JPN",
        "priorityTier": "tier3_restored26",
        "completed": 68,
        "withStats": 68,
        "withScores": 68,
        "missingStats": 0,
        "missingScores": 0,
        "coverage": 1.0,
        "scoreCoverage": 1.0,
        "complete": true
      }
    },
    {
      "phase": "tier3_restored26",
      "priorityTier": "tier3_restored26",
      "leagueCode": "F2",
      "country": "France",
      "league": "Ligue 2",
      "lifecycle": "active",
      "allocatedRequests": 422,
      "usedRequests": 1,
      "before": {
        "leagueCode": "F2",
        "priorityTier": "tier3_restored26",
        "completed": 53,
        "withStats": 53,
        "withScores": 53,
        "missingStats": 0,
        "missingScores": 0,
        "coverage": 1.0,
        "scoreCoverage": 1.0,
        "complete": true
      },
      "after": {
        "leagueCode": "F2",
        "priorityTier": "tier3_restored26",
        "completed": 53,
        "withStats": 53,
        "withScores": 53,
        "missingStats": 0,
        "missingScores": 0,
        "coverage": 1.0,
        "scoreCoverage": 1.0,
        "complete": true
      }
    },
    {
      "phase": "tier3_restored26",
      "priorityTier": "tier3_restored26",
      "leagueCode": "SP2",
      "country": "Spain",
      "league": "Segunda División",
      "lifecycle": "active",
      "allocatedRequests": 632,
      "usedRequests": 1,
      "before": {
        "leagueCode": "SP2",
        "priorityTier": "tier3_restored26",
        "completed": 50,
        "withStats": 50,
        "withScores": 50,
        "missingStats": 0,
        "missingScores": 0,
        "coverage": 1.0,
        "scoreCoverage": 1.0,
        "complete": true
      },
      "after": {
        "leagueCode": "SP2",
        "priorityTier": "tier3_restored26",
        "completed": 50,
        "withStats": 50,
        "withScores": 50,
        "missingStats": 0,
        "missingScores": 0,
        "coverage": 1.0,
        "scoreCoverage": 1.0,
        "complete": true
      }
    },
    {
      "phase": "tier3_restored26",
      "priorityTier": "tier3_restored26",
      "leagueCode": "I2",
      "country": "Italy",
      "league": "Serie B",
      "lifecycle": "active",
      "allocatedRequests": 1264,
      "usedRequests": 1,
      "before": {
        "leagueCode": "I2",
        "priorityTier": "tier3_restored26",
        "completed": 38,
        "withStats": 38,
        "withScores": 38,
        "missingStats": 0,
        "missingScores": 0,
        "coverage": 1.0,
        "scoreCoverage": 1.0,
        "complete": true
      },
      "after": {
        "leagueCode": "I2",
        "priorityTier": "tier3_restored26",
        "completed": 38,
        "withStats": 38,
        "withScores": 38,
        "missingStats": 0,
        "missingScores": 0,
        "coverage": 1.0,
        "scoreCoverage": 1.0,
        "complete": true
      }
    }
  ],
  "progress": [
    {
      "leagueCode": "COL",
      "priorityTier": "tier3_restored26",
      "completed": 279,
      "withStats": 278,
      "withScores": 279,
      "missingStats": 1,
      "missingScores": 0,
      "coverage": 0.996416,
      "scoreCoverage": 1.0,
      "complete": false
    },
    {
      "leagueCode": "ARG",
      "priorityTier": "tier2_core27",
      "completed": 382,
      "withStats": 378,
      "withScores": 382,
      "missingStats": 4,
      "missingScores": 0,
      "coverage": 0.989529,
      "scoreCoverage": 1.0,
      "complete": false
    },
    {
      "leagueCode": "BRA",
      "priorityTier": "tier2_core27",
      "completed": 263,
      "withStats": 263,
      "withScores": 263,
      "missingStats": 0,
      "missingScores": 0,
      "coverage": 1.0,
      "scoreCoverage": 1.0,
      "complete": true
    },
    {
      "leagueCode": "CHL",
      "priorityTier": "tier3_restored26",
      "completed": 178,
      "withStats": 177,
      "withScores": 178,
      "missingStats": 1,
      "missingScores": 0,
      "coverage": 0.994382,
      "scoreCoverage": 1.0,
      "complete": false
    },
    {
      "leagueCode": "PER",
      "priorityTier": "tier3_restored26",
      "completed": 230,
      "withStats": 229,
      "withScores": 230,
      "missingStats": 1,
      "missingScores": 0,
      "coverage": 0.995652,
      "scoreCoverage": 1.0,
      "complete": false
    },
    {
      "leagueCode": "IRL",
      "priorityTier": "tier3_restored26",
      "completed": 149,
      "withStats": 144,
      "withScores": 149,
      "missingStats": 5,
      "missingScores": 0,
      "coverage": 0.966443,
      "scoreCoverage": 1.0,
      "complete": false
    },
    {
      "leagueCode": "URU",
      "priorityTier": "tier3_restored26",
      "completed": 219,
      "withStats": 0,
      "withScores": 219,
      "missingStats": 219,
      "missingScores": 0,
      "coverage": 0.0,
      "scoreCoverage": 1.0,
      "complete": false
    },
    {
      "leagueCode": "ECU",
      "priorityTier": "tier3_restored26",
      "completed": 235,
      "withStats": 230,
      "withScores": 235,
      "missingStats": 5,
      "missingScores": 0,
      "coverage": 0.978723,
      "scoreCoverage": 1.0,
      "complete": false
    },
    {
      "leagueCode": "LTU",
      "priorityTier": "tier3_restored26",
      "completed": 134,
      "withStats": 0,
      "withScores": 134,
      "missingStats": 134,
      "missingScores": 0,
      "coverage": 0.0,
      "scoreCoverage": 1.0,
      "complete": false
    },
    {
      "leagueCode": "USA",
      "priorityTier": "tier3_restored26",
      "completed": 369,
      "withStats": 367,
      "withScores": 369,
      "missingStats": 2,
      "missingScores": 0,
      "coverage": 0.99458,
      "scoreCoverage": 1.0,
      "complete": false
    },
    {
      "leagueCode": "KOR",
      "priorityTier": "tier3_restored26",
      "completed": 171,
      "withStats": 58,
      "withScores": 171,
      "missingStats": 113,
      "missingScores": 0,
      "coverage": 0.339181,
      "scoreCoverage": 1.0,
      "complete": false
    },
    {
      "leagueCode": "CHN",
      "priorityTier": "tier2_core27",
      "completed": 207,
      "withStats": 207,
      "withScores": 207,
      "missingStats": 0,
      "missingScores": 0,
      "coverage": 1.0,
      "scoreCoverage": 1.0,
      "complete": true
    },
    {
      "leagueCode": "EST",
      "priorityTier": "tier3_restored26",
      "completed": 136,
      "withStats": 0,
      "withScores": 136,
      "missingStats": 136,
      "missingScores": 0,
      "coverage": 0.0,
      "scoreCoverage": 1.0,
      "complete": false
    },
    {
      "leagueCode": "LVA",
      "priorityTier": "tier3_restored26",
      "completed": 146,
      "withStats": 0,
      "withScores": 146,
      "missingStats": 146,
      "missingScores": 0,
      "coverage": 0.0,
      "scoreCoverage": 1.0,
      "complete": false
    },
    {
      "leagueCode": "NOR",
      "priorityTier": "tier2_core27",
      "completed": 154,
      "withStats": 154,
      "withScores": 154,
      "missingStats": 0,
      "missingScores": 0,
      "coverage": 1.0,
      "scoreCoverage": 1.0,
      "complete": true
    },
    {
      "leagueCode": "BRA2",
      "priorityTier": "tier3_restored26",
      "completed": 270,
      "withStats": 270,
      "withScores": 270,
      "missingStats": 0,
      "missingScores": 0,
      "coverage": 1.0,
      "scoreCoverage": 1.0,
      "complete": true
    },
    {
      "leagueCode": "FIN2",
      "priorityTier": "tier3_restored26",
      "completed": 115,
      "withStats": 0,
      "withScores": 115,
      "missingStats": 115,
      "missingScores": 0,
      "coverage": 0.0,
      "scoreCoverage": 1.0,
      "complete": false
    },
    {
      "leagueCode": "SWE2",
      "priorityTier": "tier3_restored26",
      "completed": 184,
      "withStats": 69,
      "withScores": 184,
      "missingStats": 115,
      "missingScores": 0,
      "coverage": 0.375,
      "scoreCoverage": 1.0,
      "complete": false
    },
    {
      "leagueCode": "FIN",
      "priorityTier": "tier2_core27",
      "completed": 142,
      "withStats": 66,
      "withScores": 142,
      "missingStats": 76,
      "missingScores": 0,
      "coverage": 0.464789,
      "scoreCoverage": 1.0,
      "complete": false
    },
    {
      "leagueCode": "SWE",
      "priorityTier": "tier2_core27",
      "completed": 162,
      "withStats": 162,
      "withScores": 162,
      "missingStats": 0,
      "missingScores": 0,
      "coverage": 1.0,
      "scoreCoverage": 1.0,
      "complete": true
    },
    {
      "leagueCode": "NOR2",
      "priorityTier": "tier3_restored26",
      "completed": 169,
      "withStats": 0,
      "withScores": 169,
      "missingStats": 169,
      "missingScores": 0,
      "coverage": 0.0,
      "scoreCoverage": 1.0,
      "complete": false
    },
    {
      "leagueCode": "ISL",
      "priorityTier": "tier3_restored26",
      "completed": 132,
      "withStats": 0,
      "withScores": 132,
      "missingStats": 132,
      "missingScores": 0,
      "coverage": 0.0,
      "scoreCoverage": 1.0,
      "complete": false
    },
    {
      "leagueCode": "MEX",
      "priorityTier": "tier2_core27",
      "completed": 66,
      "withStats": 66,
      "withScores": 66,
      "missingStats": 0,
      "missingScores": 0,
      "coverage": 1.0,
      "scoreCoverage": 1.0,
      "complete": true
    },
    {
      "leagueCode": "UAE",
      "priorityTier": "tier3_restored26",
      "completed": 35,
      "withStats": 20,
      "withScores": 35,
      "missingStats": 15,
      "missingScores": 0,
      "coverage": 0.571429,
      "scoreCoverage": 1.0,
      "complete": false
    },
    {
      "leagueCode": "BGR",
      "priorityTier": "tier3_restored26",
      "completed": 58,
      "withStats": 26,
      "withScores": 58,
      "missingStats": 32,
      "missingScores": 0,
      "coverage": 0.448276,
      "scoreCoverage": 1.0,
      "complete": false
    },
    {
      "leagueCode": "ROM",
      "priorityTier": "tier2_core27",
      "completed": 67,
      "withStats": 67,
      "withScores": 67,
      "missingStats": 0,
      "missingScores": 0,
      "coverage": 1.0,
      "scoreCoverage": 1.0,
      "complete": true
    },
    {
      "leagueCode": "SRB",
      "priorityTier": "tier3_restored26",
      "completed": 56,
      "withStats": 56,
      "withScores": 56,
      "missingStats": 0,
      "missingScores": 0,
      "coverage": 1.0,
      "scoreCoverage": 1.0,
      "complete": true
    },
    {
      "leagueCode": "SVN",
      "priorityTier": "tier3_restored26",
      "completed": 42,
      "withStats": 0,
      "withScores": 42,
      "missingStats": 42,
      "missingScores": 0,
      "coverage": 0.0,
      "scoreCoverage": 1.0,
      "complete": false
    },
    {
      "leagueCode": "DNK",
      "priorityTier": "tier2_core27",
      "completed": 43,
      "withStats": 43,
      "withScores": 43,
      "missingStats": 0,
      "missingScores": 0,
      "coverage": 1.0,
      "scoreCoverage": 1.0,
      "complete": true
    },
    {
      "leagueCode": "HUN",
      "priorityTier": "tier3_restored26",
      "completed": 41,
      "withStats": 31,
      "withScores": 41,
      "missingStats": 10,
      "missingScores": 0,
      "coverage": 0.756098,
      "scoreCoverage": 1.0,
      "complete": false
    },
    {
      "leagueCode": "CZE",
      "priorityTier": "tier3_restored26",
      "completed": 59,
      "withStats": 59,
      "withScores": 59,
      "missingStats": 0,
      "missingScores": 0,
      "coverage": 1.0,
      "scoreCoverage": 1.0,
      "complete": true
    },
    {
      "leagueCode": "POL",
      "priorityTier": "tier2_core27",
      "completed": 63,
      "withStats": 63,
      "withScores": 63,
      "missingStats": 0,
      "missingScores": 0,
      "coverage": 1.0,
      "scoreCoverage": 1.0,
      "complete": true
    },
    {
      "leagueCode": "RUS",
      "priorityTier": "tier2_core27",
      "completed": 61,
      "withStats": 61,
      "withScores": 61,
      "missingStats": 0,
      "missingScores": 0,
      "coverage": 1.0,
      "scoreCoverage": 1.0,
      "complete": true
    },
    {
      "leagueCode": "SVK",
      "priorityTier": "tier3_restored26",
      "completed": 44,
      "withStats": 0,
      "withScores": 44,
      "missingStats": 44,
      "missingScores": 0,
      "coverage": 0.0,
      "scoreCoverage": 1.0,
      "complete": false
    },
    {
      "leagueCode": "SWZ",
      "priorityTier": "tier2_core27",
      "completed": 42,
      "withStats": 42,
      "withScores": 42,
      "missingStats": 0,
      "missingScores": 0,
      "coverage": 1.0,
      "scoreCoverage": 1.0,
      "complete": true
    },
    {
      "leagueCode": "AUT2",
      "priorityTier": "tier3_restored26",
      "completed": 47,
      "withStats": 0,
      "withScores": 47,
      "missingStats": 47,
      "missingScores": 0,
      "coverage": 0.0,
      "scoreCoverage": 1.0,
      "complete": false
    },
    {
      "leagueCode": "AUT",
      "priorityTier": "tier2_core27",
      "completed": 33,
      "withStats": 33,
      "withScores": 33,
      "missingStats": 0,
      "missingScores": 0,
      "coverage": 1.0,
      "scoreCoverage": 1.0,
      "complete": true
    },
    {
      "leagueCode": "SC0",
      "priorityTier": "tier2_core27",
      "completed": 33,
      "withStats": 33,
      "withScores": 33,
      "missingStats": 0,
      "missingScores": 0,
      "coverage": 1.0,
      "scoreCoverage": 1.0,
      "complete": true
    },
    {
      "leagueCode": "CRO",
      "priorityTier": "tier3_restored26",
      "completed": 31,
      "withStats": 31,
      "withScores": 31,
      "missingStats": 0,
      "missingScores": 0,
      "coverage": 1.0,
      "scoreCoverage": 1.0,
      "complete": true
    },
    {
      "leagueCode": "SC1",
      "priorityTier": "tier3_restored26",
      "completed": 29,
      "withStats": 0,
      "withScores": 29,
      "missingStats": 29,
      "missingScores": 0,
      "coverage": 0.0,
      "scoreCoverage": 1.0,
      "complete": false
    },
    {
      "leagueCode": "SC2",
      "priorityTier": "tier3_restored26",
      "completed": 33,
      "withStats": 0,
      "withScores": 33,
      "missingStats": 33,
      "missingScores": 0,
      "coverage": 0.0,
      "scoreCoverage": 1.0,
      "complete": false
    },
    {
      "leagueCode": "SC3",
      "priorityTier": "tier3_restored26",
      "completed": 35,
      "withStats": 0,
      "withScores": 35,
      "missingStats": 35,
      "missingScores": 0,
      "coverage": 0.0,
      "scoreCoverage": 1.0,
      "complete": false
    },
    {
      "leagueCode": "RSA",
      "priorityTier": "tier3_restored26",
      "completed": 46,
      "withStats": 44,
      "withScores": 46,
      "missingStats": 2,
      "missingScores": 0,
      "coverage": 0.956522,
      "scoreCoverage": 1.0,
      "complete": false
    },
    {
      "leagueCode": "UKR",
      "priorityTier": "tier3_restored26",
      "completed": 40,
      "withStats": 0,
      "withScores": 40,
      "missingStats": 40,
      "missingScores": 0,
      "coverage": 0.0,
      "scoreCoverage": 1.0,
      "complete": false
    },
    {
      "leagueCode": "B1",
      "priorityTier": "tier2_core27",
      "completed": 50,
      "withStats": 50,
      "withScores": 50,
      "missingStats": 0,
      "missingScores": 0,
      "coverage": 1.0,
      "scoreCoverage": 1.0,
      "complete": true
    },
    {
      "leagueCode": "D2",
      "priorityTier": "tier3_restored26",
      "completed": 42,
      "withStats": 42,
      "withScores": 42,
      "missingStats": 0,
      "missingScores": 0,
      "coverage": 1.0,
      "scoreCoverage": 1.0,
      "complete": true
    },
    {
      "leagueCode": "JPN",
      "priorityTier": "tier3_restored26",
      "completed": 68,
      "withStats": 68,
      "withScores": 68,
      "missingStats": 0,
      "missingScores": 0,
      "coverage": 1.0,
      "scoreCoverage": 1.0,
      "complete": true
    },
    {
      "leagueCode": "N1",
      "priorityTier": "tier2_core27",
      "completed": 49,
      "withStats": 49,
      "withScores": 49,
      "missingStats": 0,
      "missingScores": 0,
      "coverage": 1.0,
      "scoreCoverage": 1.0,
      "complete": true
    },
    {
      "leagueCode": "P1",
      "priorityTier": "tier2_core27",
      "completed": 47,
      "withStats": 47,
      "withScores": 47,
      "missingStats": 0,
      "missingScores": 0,
      "coverage": 1.0,
      "scoreCoverage": 1.0,
      "complete": true
    },
    {
      "leagueCode": "EC",
      "priorityTier": "tier3_restored26",
      "completed": 84,
      "withStats": 0,
      "withScores": 84,
      "missingStats": 84,
      "missingScores": 0,
      "coverage": 0.0,
      "scoreCoverage": 1.0,
      "complete": false
    },
    {
      "leagueCode": "F2",
      "priorityTier": "tier3_restored26",
      "completed": 53,
      "withStats": 53,
      "withScores": 53,
      "missingStats": 0,
      "missingScores": 0,
      "coverage": 1.0,
      "scoreCoverage": 1.0,
      "complete": true
    },
    {
      "leagueCode": "SAU",
      "priorityTier": "tier3_restored26",
      "completed": 60,
      "withStats": 59,
      "withScores": 60,
      "missingStats": 1,
      "missingScores": 0,
      "coverage": 0.983333,
      "scoreCoverage": 1.0,
      "complete": false
    },
    {
      "leagueCode": "E1",
      "priorityTier": "tier2_core27",
      "completed": 80,
      "withStats": 80,
      "withScores": 80,
      "missingStats": 0,
      "missingScores": 0,
      "coverage": 1.0,
      "scoreCoverage": 1.0,
      "complete": true
    },
    {
      "leagueCode": "T1",
      "priorityTier": "tier2_core27",
      "completed": 41,
      "withStats": 41,
      "withScores": 41,
      "missingStats": 0,
      "missingScores": 0,
      "coverage": 1.0,
      "scoreCoverage": 1.0,
      "complete": true
    },
    {
      "leagueCode": "E2",
      "priorityTier": "tier2_core27",
      "completed": 71,
      "withStats": 71,
      "withScores": 71,
      "missingStats": 0,
      "missingScores": 0,
      "coverage": 1.0,
      "scoreCoverage": 1.0,
      "complete": true
    },
    {
      "leagueCode": "E3",
      "priorityTier": "tier2_core27",
      "completed": 72,
      "withStats": 72,
      "withScores": 72,
      "missingStats": 0,
      "missingScores": 0,
      "coverage": 1.0,
      "scoreCoverage": 1.0,
      "complete": true
    },
    {
      "leagueCode": "SP1",
      "priorityTier": "tier1_main5_plus_greece",
      "completed": 46,
      "withStats": 46,
      "withScores": 46,
      "missingStats": 0,
      "missingScores": 0,
      "coverage": 1.0,
      "scoreCoverage": 1.0,
      "complete": true
    },
    {
      "leagueCode": "SP2",
      "priorityTier": "tier3_restored26",
      "completed": 50,
      "withStats": 50,
      "withScores": 50,
      "missingStats": 0,
      "missingScores": 0,
      "coverage": 1.0,
      "scoreCoverage": 1.0,
      "complete": true
    },
    {
      "leagueCode": "EGY",
      "priorityTier": "tier3_restored26",
      "completed": 40,
      "withStats": 38,
      "withScores": 40,
      "missingStats": 2,
      "missingScores": 0,
      "coverage": 0.95,
      "scoreCoverage": 1.0,
      "complete": false
    },
    {
      "leagueCode": "E0",
      "priorityTier": "tier1_main5_plus_greece",
      "completed": 37,
      "withStats": 37,
      "withScores": 37,
      "missingStats": 0,
      "missingScores": 0,
      "coverage": 1.0,
      "scoreCoverage": 1.0,
      "complete": true
    },
    {
      "leagueCode": "F1",
      "priorityTier": "tier1_main5_plus_greece",
      "completed": 33,
      "withStats": 33,
      "withScores": 33,
      "missingStats": 0,
      "missingScores": 0,
      "coverage": 1.0,
      "scoreCoverage": 1.0,
      "complete": true
    },
    {
      "leagueCode": "G1",
      "priorityTier": "tier1_main5_plus_greece",
      "completed": 23,
      "withStats": 23,
      "withScores": 23,
      "missingStats": 0,
      "missingScores": 0,
      "coverage": 1.0,
      "scoreCoverage": 1.0,
      "complete": true
    },
    {
      "leagueCode": "ISR",
      "priorityTier": "tier3_restored26",
      "completed": 21,
      "withStats": 14,
      "withScores": 21,
      "missingStats": 7,
      "missingScores": 0,
      "coverage": 0.666667,
      "scoreCoverage": 1.0,
      "complete": false
    },
    {
      "leagueCode": "I1",
      "priorityTier": "tier1_main5_plus_greece",
      "completed": 34,
      "withStats": 34,
      "withScores": 34,
      "missingStats": 0,
      "missingScores": 0,
      "coverage": 1.0,
      "scoreCoverage": 1.0,
      "complete": true
    },
    {
      "leagueCode": "I2",
      "priorityTier": "tier3_restored26",
      "completed": 38,
      "withStats": 38,
      "withScores": 38,
      "missingStats": 0,
      "missingScores": 0,
      "coverage": 1.0,
      "scoreCoverage": 1.0,
      "complete": true
    },
    {
      "leagueCode": "D1",
      "priorityTier": "tier1_main5_plus_greece",
      "completed": 25,
      "withStats": 25,
      "withScores": 25,
      "missingStats": 0,
      "missingScores": 0,
      "coverage": 1.0,
      "scoreCoverage": 1.0,
      "complete": true
    },
    {
      "leagueCode": "CYP",
      "priorityTier": "tier3_restored26",
      "completed": 18,
      "withStats": 0,
      "withScores": 18,
      "missingStats": 18,
      "missingScores": 0,
      "coverage": 0.0,
      "scoreCoverage": 1.0,
      "complete": false
    },
    {
      "leagueCode": "MAR",
      "priorityTier": "tier3_restored26",
      "completed": 0,
      "withStats": 0,
      "withScores": 0,
      "missingStats": 0,
      "missingScores": 0,
      "coverage": 0.0,
      "scoreCoverage": 0.0,
      "complete": false
    },
    {
      "leagueCode": "AUS",
      "priorityTier": "tier3_restored26",
      "completed": 0,
      "withStats": 0,
      "withScores": 0,
      "missingStats": 0,
      "missingScores": 0,
      "coverage": 0.0,
      "scoreCoverage": 0.0,
      "complete": false
    }
  ],
  "rosterDiscoveryRequests": 0,
  "selectedLeagueCodes": [
    "COL",
    "ARG",
    "BRA",
    "CHL",
    "PER",
    "IRL",
    "URU",
    "ECU",
    "LTU",
    "USA",
    "KOR",
    "CHN",
    "EST",
    "LVA",
    "NOR",
    "BRA2",
    "FIN2",
    "SWE2",
    "FIN",
    "SWE",
    "NOR2",
    "ISL",
    "BGR",
    "MEX",
    "ROU",
    "SRB",
    "SVN",
    "DNK",
    "HUN",
    "CZE",
    "POL",
    "RUS",
    "SVK",
    "SWZ",
    "AUT2",
    "AUT",
    "SC0",
    "CRO",
    "SC1",
    "SC2",
    "SC3",
    "RSA",
    "UKR",
    "B1",
    "D2",
    "JPN",
    "N1",
    "P1",
    "EC",
    "F2",
    "SAU",
    "E1",
    "T1",
    "UAE",
    "E2",
    "E3",
    "SP1",
    "SP2",
    "EGY",
    "E0",
    "F1",
    "G1",
    "ISR",
    "I1",
    "I2",
    "D1",
    "CYP",
    "MAR",
    "AUS"
  ],
  "targetedMode": false,
  "historicalOnlyMode": false,
  "historicalFreezePolicy": "historical season closes only after exact league+season fixture discovery, complete score cache, and one statistics-endpoint attempt per completed fixture",
  "historicalSkippedFrozen": [
    "BGR:2025",
    "ROU:2025",
    "SRB:2025",
    "SVN:2025",
    "DNK:2025",
    "HUN:2025",
    "CZE:2025",
    "POL:2025",
    "RUS:2025",
    "SVK:2025",
    "SWZ:2025",
    "AUT2:2025",
    "AUT:2025",
    "SC0:2025",
    "CRO:2025",
    "SC1:2025",
    "SC2:2025",
    "SC3:2025",
    "RSA:2025",
    "UKR:2025",
    "B1:2025",
    "D2:2025",
    "JPN:2026",
    "N1:2025",
    "P1:2025",
    "EC:2025",
    "F2:2025",
    "SAU:2025",
    "E1:2025",
    "T1:2025",
    "E2:2025",
    "E3:2025",
    "SP1:2025",
    "SP2:2025",
    "EGY:2025",
    "E0:2025",
    "F1:2025",
    "G1:2025",
    "ISR:2025",
    "I1:2025",
    "I2:2025",
    "D1:2025",
    "CYP:2025",
    "MAR:2025",
    "AUS:2025"
  ],
  "historicalNewlyFrozen": [],
  "historicalVerificationPending": [],
  "historicalSnapshotCount": 45,
  "historicalPendingBefore": [],
  "historicalPendingAfter": [],
  "historicalFrozenSnapshotCount": 45,
  "historicalClosureComplete": true,
  "apiFootballQuotaGuard": {
    "dailyLimit": 7500,
    "dailyRemaining": 5829,
    "reserve": 1500,
    "stoppedAtReserve": false
  }
}
