{
  "generatedAt": "2026-10-09T07:31:14Z",
  "completenessContract": "all completed fixture scores are cached at discovery time; advanced statistics are incrementally backfilled",
  "incrementalContract": "poll every active Stats league for new completed fixtures; persist all score metadata immediately; fetch advanced statistics only when real cached stats are missing",
  "scopeContract": "53 configured Domestic leagues eligible for Stats; core odds scope remains separately protected",
  "priorityPolicy": "Strict sequential priority: Tier 1 Main5+Greece may use the full run budget first; Tier 2 and Tier 3 receive only unused remainder",
  "absolutePriorityLeagueCodes": [
    "D1",
    "E0",
    "F1",
    "G1",
    "I1",
    "SP1"
  ],
  "statsUniverseLeagueCount": 69,
  "coreOddsLeagueCount": 27,
  "maxRequests": 2500,
  "requestsUsed": 6,
  "registryLeagueCount": 2,
  "polledLeagueCount": 2,
  "incompleteBefore": 1,
  "completeAfter": 2,
  "incompleteAfter": 0,
  "allocations": [
    {
      "phase": "tier1_main5_plus_greece",
      "priorityTier": "tier1_main5_plus_greece",
      "leagueCode": "F1",
      "country": "France",
      "league": "Ligue 1",
      "lifecycle": "active",
      "allocatedRequests": 2498,
      "usedRequests": 1,
      "before": {
        "leagueCode": "F1",
        "priorityTier": "tier1_main5_plus_greece",
        "completed": 307,
        "withStats": 307,
        "withScores": 307,
        "missingStats": 0,
        "missingScores": 0,
        "coverage": 1.0,
        "scoreCoverage": 1.0,
        "complete": true
      },
      "after": {
        "leagueCode": "F1",
        "priorityTier": "tier1_main5_plus_greece",
        "completed": 307,
        "withStats": 307,
        "withScores": 307,
        "missingStats": 0,
        "missingScores": 0,
        "coverage": 1.0,
        "scoreCoverage": 1.0,
        "complete": true
      }
    },
    {
      "phase": "tier3_restored26",
      "priorityTier": "tier3_restored26",
      "leagueCode": "F2",
      "country": "France",
      "league": "Ligue 2",
      "lifecycle": "active",
      "allocatedRequests": 2497,
      "usedRequests": 3,
      "before": {
        "leagueCode": "F2",
        "priorityTier": "tier3_restored26",
        "completed": 308,
        "withStats": 307,
        "withScores": 308,
        "missingStats": 1,
        "missingScores": 0,
        "coverage": 0.996753,
        "scoreCoverage": 1.0,
        "complete": false
      },
      "after": {
        "leagueCode": "F2",
        "priorityTier": "tier3_restored26",
        "completed": 309,
        "withStats": 309,
        "withScores": 309,
        "missingStats": 0,
        "missingScores": 0,
        "coverage": 1.0,
        "scoreCoverage": 1.0,
        "complete": true
      }
    }
  ],
  "progress": [
    {
      "leagueCode": "F2",
      "priorityTier": "tier3_restored26",
      "completed": 309,
      "withStats": 309,
      "withScores": 309,
      "missingStats": 0,
      "missingScores": 0,
      "coverage": 1.0,
      "scoreCoverage": 1.0,
      "complete": true
    },
    {
      "leagueCode": "F1",
      "priorityTier": "tier1_main5_plus_greece",
      "completed": 307,
      "withStats": 307,
      "withScores": 307,
      "missingStats": 0,
      "missingScores": 0,
      "coverage": 1.0,
      "scoreCoverage": 1.0,
      "complete": true
    }
  ],
  "rosterDiscoveryRequests": 0,
  "selectedLeagueCodes": [
    "AUT2",
    "AUT",
    "SC0",
    "UKR",
    "CRO",
    "SC1",
    "SC2",
    "SC3",
    "RSA",
    "B1",
    "D2",
    "JPN",
    "N1",
    "P1",
    "EC",
    "F2",
    "SAU",
    "E1",
    "SP2",
    "T1",
    "E2",
    "E3",
    "SP1",
    "EGY",
    "E0",
    "F1",
    "I2",
    "G1",
    "ISR",
    "I1",
    "CYP",
    "D1",
    "AUS"
  ],
  "targetedMode": false,
  "historicalOnlyMode": true,
  "historicalFreezePolicy": "historical season closes only after exact league+season fixture discovery, complete score cache, and one statistics-endpoint attempt per completed fixture",
  "historicalSkippedFrozen": [
    "AUT2:2025",
    "AUT:2025",
    "SC0:2025",
    "UKR:2025",
    "CRO:2025",
    "SC1:2025",
    "SC2:2025",
    "SC3:2025",
    "RSA:2025",
    "B1:2025",
    "D2:2025",
    "JPN:2026",
    "N1:2025",
    "P1:2025",
    "EC:2025",
    "SAU:2025",
    "E1:2025",
    "SP2:2025",
    "T1:2025",
    "E2:2025",
    "E3:2025",
    "SP1:2025",
    "EGY:2025",
    "E0:2025",
    "I2:2025",
    "G1:2025",
    "ISR:2025",
    "I1:2025",
    "CYP:2025",
    "D1:2025",
    "AUS:2025"
  ],
  "historicalNewlyFrozen": [
    "F2:2025",
    "F1:2025"
  ],
  "historicalVerificationPending": [],
  "historicalSnapshotCount": 33,
  "historicalPendingBefore": [
    "F2:2025",
    "F1:2025"
  ],
  "historicalPendingAfter": [],
  "historicalFrozenSnapshotCount": 33,
  "historicalClosureComplete": true,
  "apiFootballQuotaGuard": {
    "dailyLimit": 7500,
    "dailyRemaining": 7327,
    "reserve": 1500,
    "stoppedAtReserve": false
  }
}
