{
  "generatedAt": "2026-07-24T19:58:52Z",
  "completenessContract": "all completed fixture scores are cached at discovery time; advanced statistics are incrementally backfilled",
  "incrementalContract": "poll every active Stats league for new completed fixtures; persist all score metadata immediately; fetch advanced statistics only when real cached stats are missing",
  "scopeContract": "53 configured Domestic leagues eligible for Stats; core odds scope remains separately protected",
  "priorityPolicy": "Strict sequential priority: Tier 1 Main5+Greece may use the full run budget first; Tier 2 and Tier 3 receive only unused remainder",
  "absolutePriorityLeagueCodes": [
    "D1",
    "E0",
    "F1",
    "G1",
    "I1",
    "SP1"
  ],
  "statsUniverseLeagueCount": 53,
  "coreOddsLeagueCount": 27,
  "maxRequests": 500,
  "requestsUsed": 124,
  "registryLeagueCount": 1,
  "polledLeagueCount": 1,
  "incompleteBefore": 1,
  "completeAfter": 1,
  "incompleteAfter": 0,
  "allocations": [
    {
      "phase": "tier1_main5_plus_greece",
      "priorityTier": "tier1_main5_plus_greece",
      "leagueCode": "G1",
      "country": "Greece",
      "league": "Super League",
      "lifecycle": "starts_soon",
      "allocatedRequests": 500,
      "usedRequests": 124,
      "before": {
        "leagueCode": "G1",
        "priorityTier": "tier1_main5_plus_greece",
        "completed": 114,
        "withStats": 113,
        "withScores": 114,
        "missingStats": 1,
        "missingScores": 0,
        "coverage": 0.991228,
        "scoreCoverage": 1.0,
        "complete": false
      },
      "after": {
        "leagueCode": "G1",
        "priorityTier": "tier1_main5_plus_greece",
        "completed": 236,
        "withStats": 236,
        "withScores": 236,
        "missingStats": 0,
        "missingScores": 0,
        "coverage": 1.0,
        "scoreCoverage": 1.0,
        "complete": true
      }
    }
  ],
  "progress": [
    {
      "leagueCode": "G1",
      "priorityTier": "tier1_main5_plus_greece",
      "completed": 236,
      "withStats": 236,
      "withScores": 236,
      "missingStats": 0,
      "missingScores": 0,
      "coverage": 1.0,
      "scoreCoverage": 1.0,
      "complete": true
    }
  ],
  "selectedLeagueCodes": [
    "G1"
  ],
  "targetedMode": true,
  "historicalFreezePolicy": "backfill once then zero future API calls",
  "historicalSkippedFrozen": [],
  "historicalNewlyFrozen": [
    "G1:2025"
  ],
  "historicalFrozenSnapshotCount": 1
}
