{
  "generatedAt": "2026-07-14T05:38:30Z",
  "asOfDate": "2026-07-14",
  "registryLeagueCount": 19,
  "activeLeagueCount": 10,
  "julyStartLeagueCount": 9,
  "statsFetchRows": [],
  "appStatsLeagueCount": 19,
  "oddsLeagueCount": 19,
  "oddsLeaguesWithMatches": 11,
  "state": {
    "statsCursor": 1,
    "oddsCursor": 14,
    "lastStatsRequests": 85,
    "lastStatsLeagues": [
      253
    ],
    "lastOddsLeagues": [
      "BRA2",
      "SWE2",
      "FIN",
      "SWE",
      "MEX",
      "ROM",
      "DNK",
      "POL"
    ],
    "lastOddsRateLimitRemaining": 37,
    "generatedAt": "2026-07-14T05:38:30Z",
    "registryLeagueCount": 19,
    "lastOddsRefreshAt": "2026-07-14T03:33:44Z",
    "lastOddsRequestedLeagues": [
      "BRA2",
      "SWE2",
      "FIN",
      "SWE",
      "MEX",
      "ROM",
      "DNK",
      "POL"
    ]
  }
}
