{
  "leagueCount": 19,
  "matches": 2756,
  "missingCache": 0,
  "missingScore": 0,
  "leagues": [
    {
      "leagueCode": "ARG",
      "country": "Argentina",
      "league": "Liga Profesional Argentina",
      "artifact": "data/statmaker/domestic_enriched/argentina_liga_profesional_argentina_2026.json",
      "matches": 255,
      "missingCache": 0,
      "missingScore": 0
    },
    {
      "leagueCode": "BRA",
      "country": "Brazil",
      "league": "Serie A",
      "artifact": "data/statmaker/domestic_enriched/brazil_serie_a_2026.json",
      "matches": 177,
      "missingCache": 0,
      "missingScore": 0
    },
    {
      "leagueCode": "IRL",
      "country": "Ireland",
      "league": "Premier Division",
      "artifact": "data/statmaker/domestic_enriched/ireland_premier_division_2026.json",
      "matches": 121,
      "missingCache": 0,
      "missingScore": 0
    },
    {
      "leagueCode": "USA",
      "country": "USA",
      "league": "Major League Soccer",
      "artifact": "data/statmaker/domestic_enriched/usa_major_league_soccer_2026.json",
      "matches": 198,
      "missingCache": 0,
      "missingScore": 0
    },
    {
      "leagueCode": "CHN",
      "country": "China",
      "league": "Super League",
      "artifact": "data/statmaker/domestic_enriched/china_super_league_2026.json",
      "matches": 62,
      "missingCache": 0,
      "missingScore": 0
    },
    {
      "leagueCode": "NOR",
      "country": "Norway",
      "league": "Eliteserien",
      "artifact": "data/statmaker/domestic_enriched/norway_eliteserien_2026.json",
      "matches": 89,
      "missingCache": 0,
      "missingScore": 0
    },
    {
      "leagueCode": "BRA2",
      "country": "Brazil",
      "league": "Serie B",
      "artifact": "data/statmaker/domestic_enriched/brazil_serie_b_2026.json",
      "matches": 161,
      "missingCache": 0,
      "missingScore": 0
    },
    {
      "leagueCode": "SWE2",
      "country": "Sweden",
      "league": "Superettan",
      "artifact": "data/statmaker/domestic_enriched/sweden_superettan_2026.json",
      "matches": 105,
      "missingCache": 0,
      "missingScore": 0
    },
    {
      "leagueCode": "FIN",
      "country": "Finland",
      "league": "Veikkausliiga",
      "artifact": "data/statmaker/domestic_enriched/finland_veikkausliiga_2026.json",
      "matches": 76,
      "missingCache": 0,
      "missingScore": 0
    },
    {
      "leagueCode": "SWE",
      "country": "Sweden",
      "league": "Allsvenskan",
      "artifact": "data/statmaker/domestic_enriched/sweden_allsvenskan_2026.json",
      "matches": 81,
      "missingCache": 0,
      "missingScore": 0
    },
    {
      "leagueCode": "MEX",
      "country": "Mexico",
      "league": "Liga MX",
      "artifact": "data/statmaker/domestic_enriched/mexico_liga_mx_2026.json",
      "matches": 2,
      "missingCache": 0,
      "missingScore": 0
    },
    {
      "leagueCode": "ROM",
      "country": "Romania",
      "league": "Liga I",
      "artifact": "data/statmaker/domestic_enriched/romania_liga_i_2025.json",
      "matches": 321,
      "missingCache": 0,
      "missingScore": 0
    },
    {
      "leagueCode": "DNK",
      "country": "Denmark",
      "league": "Superliga",
      "artifact": "data/statmaker/domestic_enriched/denmark_superliga_2025.json",
      "matches": 193,
      "missingCache": 0,
      "missingScore": 0
    },
    {
      "leagueCode": "POL",
      "country": "Poland",
      "league": "Ekstraklasa",
      "artifact": "data/statmaker/domestic_enriched/poland_ekstraklasa_2025.json",
      "matches": 306,
      "missingCache": 0,
      "missingScore": 0
    },
    {
      "leagueCode": "RUS",
      "country": "Russia",
      "league": "Premier League",
      "artifact": "data/statmaker/domestic_enriched/russia_premier_league_2025.json",
      "matches": 62,
      "missingCache": 0,
      "missingScore": 0
    },
    {
      "leagueCode": "SWZ",
      "country": "Switzerland",
      "league": "Super League",
      "artifact": "data/statmaker/domestic_enriched/switzerland_super_league_2025.json",
      "matches": 65,
      "missingCache": 0,
      "missingScore": 0
    },
    {
      "leagueCode": "AUT2",
      "country": "Austria",
      "league": "2. Liga",
      "artifact": "data/statmaker/domestic_enriched/austria_2_liga_2025.json",
      "matches": 222,
      "missingCache": 0,
      "missingScore": 0
    },
    {
      "leagueCode": "AUT",
      "country": "Austria",
      "league": "Bundesliga",
      "artifact": "data/statmaker/domestic_enriched/austria_bundesliga_2025.json",
      "matches": 195,
      "missingCache": 0,
      "missingScore": 0
    },
    {
      "leagueCode": "SC0",
      "country": "Scotland",
      "league": "Premiership",
      "artifact": "data/statmaker/domestic_enriched/scotland_premiership_2025.json",
      "matches": 65,
      "missingCache": 0,
      "missingScore": 0
    }
  ]
}
{
  "leagueCount": 19,
  "fixtureCount": 2756,
  "fixturesWithAnyStats": 2436,
  "fieldNonNullCounts": {
    "HS": 2405,
    "AS": 2405,
    "HST": 2433,
    "AST": 2433,
    "HC": 2431,
    "AC": 2431,
    "HF": 2401,
    "AF": 2401,
    "HY": 2389,
    "AY": 2389,
    "HR": 542,
    "AR": 542,
    "HPossession": 2430,
    "APossession": 2430,
    "HSaves": 2390,
    "ASaves": 2390,
    "HPasses": 2388,
    "APasses": 2388,
    "HPassesAccurate": 2388,
    "APassesAccurate": 2388,
    "HxG": 1820,
    "AxG": 1820,
    "HShotsOffGoal": 2433,
    "AShotsOffGoal": 2433,
    "HBlockedShots": 2431,
    "ABlockedShots": 2431,
    "HShotsInsideBox": 2389,
    "AShotsInsideBox": 2389,
    "HShotsOutsideBox": 2389,
    "AShotsOutsideBox": 2389,
    "HOffsides": 2274,
    "AOffsides": 2274,
    "HPassAccuracy": 2380,
    "APassAccuracy": 2380,
    "HGoalsPrevented": 968,
    "AGoalsPrevented": 968,
    "HFreeKicks": 48,
    "AFreeKicks": 48
  },
  "leagues": [
    {
      "leagueCode": "ARG",
      "country": "Argentina",
      "league": "Liga Profesional Argentina",
      "season": "2026",
      "cachePath": "data/api_football/fixture_stats/argentina/liga-profesional-argentina/2026/fixture_stats.json",
      "fixtures": 255,
      "fixturesWithAnyStats": 253
    },
    {
      "leagueCode": "BRA",
      "country": "Brazil",
      "league": "Serie A",
      "season": "2026",
      "cachePath": "data/api_football/fixture_stats/brazil/serie-a/2026/fixture_stats.json",
      "fixtures": 177,
      "fixturesWithAnyStats": 177
    },
    {
      "leagueCode": "IRL",
      "country": "Ireland",
      "league": "Premier Division",
      "season": "2026",
      "cachePath": "data/api_football/fixture_stats/ireland/premier-division/2026/fixture_stats.json",
      "fixtures": 121,
      "fixturesWithAnyStats": 115
    },
    {
      "leagueCode": "USA",
      "country": "USA",
      "league": "Major League Soccer",
      "season": "2026",
      "cachePath": "data/api_football/fixture_stats/usa/major-league-soccer/2026/fixture_stats.json",
      "fixtures": 198,
      "fixturesWithAnyStats": 197
    },
    {
      "leagueCode": "CHN",
      "country": "China",
      "league": "Super League",
      "season": "2026",
      "cachePath": "data/api_football/fixture_stats/china/super-league/2026/fixture_stats.json",
      "fixtures": 62,
      "fixturesWithAnyStats": 61
    },
    {
      "leagueCode": "NOR",
      "country": "Norway",
      "league": "Eliteserien",
      "season": "2026",
      "cachePath": "data/api_football/fixture_stats/norway/eliteserien/2026/fixture_stats.json",
      "fixtures": 89,
      "fixturesWithAnyStats": 89
    },
    {
      "leagueCode": "BRA2",
      "country": "Brazil",
      "league": "Serie B",
      "season": "2026",
      "cachePath": "data/api_football/fixture_stats/brazil/serie-b/2026/fixture_stats.json",
      "fixtures": 161,
      "fixturesWithAnyStats": 161
    },
    {
      "leagueCode": "SWE2",
      "country": "Sweden",
      "league": "Superettan",
      "season": "2026",
      "cachePath": "data/api_football/fixture_stats/sweden/superettan/2026/fixture_stats.json",
      "fixtures": 105,
      "fixturesWithAnyStats": 61
    },
    {
      "leagueCode": "FIN",
      "country": "Finland",
      "league": "Veikkausliiga",
      "season": "2026",
      "cachePath": "data/api_football/fixture_stats/finland/veikkausliiga/2026/fixture_stats.json",
      "fixtures": 76,
      "fixturesWithAnyStats": 36
    },
    {
      "leagueCode": "SWE",
      "country": "Sweden",
      "league": "Allsvenskan",
      "season": "2026",
      "cachePath": "data/api_football/fixture_stats/sweden/allsvenskan/2026/fixture_stats.json",
      "fixtures": 81,
      "fixturesWithAnyStats": 81
    },
    {
      "leagueCode": "MEX",
      "country": "Mexico",
      "league": "Liga MX",
      "season": "2026",
      "cachePath": "data/api_football/fixture_stats/mexico/liga-mx/2026/fixture_stats.json",
      "fixtures": 2,
      "fixturesWithAnyStats": 1
    },
    {
      "leagueCode": "ROU",
      "country": "Romania",
      "league": "Liga I",
      "season": "2025-2026",
      "cachePath": "data/api_football/fixture_stats/romania/liga-i/2025/fixture_stats.json",
      "fixtures": 321,
      "fixturesWithAnyStats": 320
    },
    {
      "leagueCode": "DNK",
      "country": "Denmark",
      "league": "Superliga",
      "season": "2025-2026",
      "cachePath": "data/api_football/fixture_stats/denmark/superliga/2025/fixture_stats.json",
      "fixtures": 193,
      "fixturesWithAnyStats": 193
    },
    {
      "leagueCode": "POL",
      "country": "Poland",
      "league": "Ekstraklasa",
      "season": "2025-2026",
      "cachePath": "data/api_football/fixture_stats/poland/ekstraklasa/2025/fixture_stats.json",
      "fixtures": 306,
      "fixturesWithAnyStats": 306
    },
    {
      "leagueCode": "RUS",
      "country": "Russia",
      "league": "Premier League",
      "season": "2025-2026",
      "cachePath": "data/api_football/fixture_stats/russia/premier-league/2025/fixture_stats.json",
      "fixtures": 62,
      "fixturesWithAnyStats": 61
    },
    {
      "leagueCode": "SWZ",
      "country": "Switzerland",
      "league": "Super League",
      "season": "2025-2026",
      "cachePath": "data/api_football/fixture_stats/switzerland/super-league/2025/fixture_stats.json",
      "fixtures": 65,
      "fixturesWithAnyStats": 64
    },
    {
      "leagueCode": "AUT2",
      "country": "Austria",
      "league": "2. Liga",
      "season": "2025-2026",
      "cachePath": "data/api_football/fixture_stats/austria/2-liga/2025/fixture_stats.json",
      "fixtures": 222,
      "fixturesWithAnyStats": 1
    },
    {
      "leagueCode": "AUT",
      "country": "Austria",
      "league": "Bundesliga",
      "season": "2025-2026",
      "cachePath": "data/api_football/fixture_stats/austria/bundesliga/2025/fixture_stats.json",
      "fixtures": 195,
      "fixturesWithAnyStats": 195
    },
    {
      "leagueCode": "SC0",
      "country": "Scotland",
      "league": "Premiership",
      "season": "2025-2026",
      "cachePath": "data/api_football/fixture_stats/scotland/premiership/2025/fixture_stats.json",
      "fixtures": 65,
      "fixturesWithAnyStats": 64
    }
  ]
}
