{
  "version": "domestic-market-expansion-v16",
  "generatedAt": "2026-07-17T11:40:37Z",
  "syntheticOdds": false,
  "leaguesVisited": 19,
  "matchesVisited": 70,
  "matchesWithArchive": 70,
  "providerPayloadsVisited": 3708,
  "expandedSelections": 8085,
  "marketsRemovedBeforeRebuild": 8085,
  "families": {
    "CORNER_HANDICAP": 240,
    "CORRECT_SCORE": 4528,
    "DRAW_NO_BET": 260,
    "EUROPEAN_HANDICAP": 1093,
    "GOAL_BANDS": 721,
    "HALF_TIME_1X2": 387,
    "HALF_TIME_FULL_TIME": 558,
    "MATCH_YELLOW_CARDS": 22,
    "MOST_SHOTS_ON_TARGET": 44,
    "ODD_EVEN_GOALS": 6,
    "SECOND_HALF_GOALS": 210,
    "TEAM_YELLOW_CARDS": 16
  },
  "missingArchiveMatches": 0,
  "changed": false,
  "normalizationWarnings": [],
  "expandedExactMarketCounts": {
    "DRAW_NO_BET": 260,
    "EUROPEAN_HANDICAP": 1093,
    "HALF_TIME_1X2": 387,
    "GOAL_BANDS": 721,
    "CORRECT_SCORE": 4528,
    "CORNER_HANDICAP": 240,
    "HALF_TIME_FULL_TIME": 558,
    "SECOND_HALF_GOALS": 210,
    "MATCH_YELLOW_CARDS": 22,
    "TEAM_YELLOW_CARDS": 16,
    "MOST_SHOTS_ON_TARGET": 44,
    "ODD_EVEN_GOALS": 6
  }
}
