{
  "generatedAt": "2026-07-13T07:36:46Z",
  "registryLeagueCount": 19,
  "requestedLeagueCodes": [
    "DNK",
    "POL",
    "RUS",
    "SWZ",
    "AUT2",
    "AUT",
    "SC0",
    "ARG"
  ],
  "processedLeagueCodes": [
    "DNK",
    "POL",
    "RUS",
    "SWZ",
    "AUT2",
    "AUT",
    "SC0",
    "ARG"
  ],
  "deferredByRateLimit": false,
  "rateLimitRemaining": 77,
  "validation": {
    "leagueCount": 19,
    "matchCount": 58,
    "marketCount": 3396
  },
  "providerArchiveValidation": {
    "leagueCount": 19,
    "matchCount": 85,
    "marketPayloadCount": 2967
  },
  "oddsLeaguesWithMatches": 10,
  "providerArchiveLeaguesWithMatches": 10,
  "nextCursor": 1,
  "warnings": []
}
