{
  "generatedAt": "2026-07-16T05:48:50Z",
  "apiCalls": 0,
  "leagueCount": 19,
  "fixturesScanned": 2775,
  "fixturesWithRawStatistics": 2455,
  "extraFields": [
    "HShotsOffGoal",
    "AShotsOffGoal",
    "HBlockedShots",
    "ABlockedShots",
    "HShotsInsideBox",
    "AShotsInsideBox",
    "HShotsInsideBox",
    "AShotsInsideBox",
    "HShotsOutsideBox",
    "AShotsOutsideBox",
    "HShotsOutsideBox",
    "AShotsOutsideBox",
    "HOffsides",
    "AOffsides",
    "HPassAccuracy",
    "APassAccuracy",
    "HPassAccuracy",
    "APassAccuracy",
    "HGoalsPrevented",
    "AGoalsPrevented",
    "HGoalsPrevented",
    "AGoalsPrevented",
    "HFreeKicks",
    "AFreeKicks"
  ],
  "fieldNonNullCounts": {
    "HShotsOffGoal": 2452,
    "AShotsOffGoal": 2452,
    "HBlockedShots": 2450,
    "ABlockedShots": 2450,
    "HShotsInsideBox": 2408,
    "AShotsInsideBox": 2408,
    "HShotsOutsideBox": 2408,
    "AShotsOutsideBox": 2408,
    "HOffsides": 2293,
    "AOffsides": 2293,
    "HPassAccuracy": 2399,
    "APassAccuracy": 2399,
    "HGoalsPrevented": 958,
    "AGoalsPrevented": 958,
    "HFreeKicks": 48,
    "AFreeKicks": 48
  },
  "leagues": [
    {
      "leagueCode": "ARG",
      "country": "Argentina",
      "league": "Liga Profesional Argentina",
      "fixtures": 255,
      "fieldNonNullCounts": {
        "HShotsOffGoal": 253,
        "AShotsOffGoal": 253,
        "HBlockedShots": 253,
        "ABlockedShots": 253,
        "HShotsInsideBox": 253,
        "AShotsInsideBox": 253,
        "HShotsOutsideBox": 253,
        "AShotsOutsideBox": 253,
        "HOffsides": 243,
        "AOffsides": 243,
        "HPassAccuracy": 253,
        "APassAccuracy": 253,
        "HGoalsPrevented": 15,
        "AGoalsPrevented": 15,
        "HFreeKicks": 0,
        "AFreeKicks": 0
      }
    },
    {
      "leagueCode": "BRA",
      "country": "Brazil",
      "league": "Serie A",
      "fixtures": 177,
      "fieldNonNullCounts": {
        "HShotsOffGoal": 177,
        "AShotsOffGoal": 177,
        "HBlockedShots": 177,
        "ABlockedShots": 177,
        "HShotsInsideBox": 177,
        "AShotsInsideBox": 177,
        "HShotsOutsideBox": 177,
        "AShotsOutsideBox": 177,
        "HOffsides": 159,
        "AOffsides": 159,
        "HPassAccuracy": 177,
        "APassAccuracy": 177,
        "HGoalsPrevented": 177,
        "AGoalsPrevented": 177,
        "HFreeKicks": 0,
        "AFreeKicks": 0
      }
    },
    {
      "leagueCode": "IRL",
      "country": "Ireland",
      "league": "Premier Division",
      "fixtures": 121,
      "fieldNonNullCounts": {
        "HShotsOffGoal": 115,
        "AShotsOffGoal": 115,
        "HBlockedShots": 115,
        "ABlockedShots": 115,
        "HShotsInsideBox": 110,
        "AShotsInsideBox": 110,
        "HShotsOutsideBox": 110,
        "AShotsOutsideBox": 110,
        "HOffsides": 110,
        "AOffsides": 110,
        "HPassAccuracy": 108,
        "APassAccuracy": 108,
        "HGoalsPrevented": 30,
        "AGoalsPrevented": 30,
        "HFreeKicks": 7,
        "AFreeKicks": 7
      }
    },
    {
      "leagueCode": "USA",
      "country": "USA",
      "league": "Major League Soccer",
      "fixtures": 189,
      "fieldNonNullCounts": {
        "HShotsOffGoal": 188,
        "AShotsOffGoal": 188,
        "HBlockedShots": 188,
        "ABlockedShots": 188,
        "HShotsInsideBox": 188,
        "AShotsInsideBox": 188,
        "HShotsOutsideBox": 188,
        "AShotsOutsideBox": 188,
        "HOffsides": 179,
        "AOffsides": 179,
        "HPassAccuracy": 188,
        "APassAccuracy": 188,
        "HGoalsPrevented": 188,
        "AGoalsPrevented": 188,
        "HFreeKicks": 0,
        "AFreeKicks": 0
      }
    },
    {
      "leagueCode": "CHN",
      "country": "China",
      "league": "Super League",
      "fixtures": 56,
      "fieldNonNullCounts": {
        "HShotsOffGoal": 55,
        "AShotsOffGoal": 55,
        "HBlockedShots": 55,
        "ABlockedShots": 55,
        "HShotsInsideBox": 55,
        "AShotsInsideBox": 55,
        "HShotsOutsideBox": 55,
        "AShotsOutsideBox": 55,
        "HOffsides": 52,
        "AOffsides": 52,
        "HPassAccuracy": 55,
        "APassAccuracy": 55,
        "HGoalsPrevented": 0,
        "AGoalsPrevented": 0,
        "HFreeKicks": 0,
        "AFreeKicks": 0
      }
    },
    {
      "leagueCode": "NOR",
      "country": "Norway",
      "league": "Eliteserien",
      "fixtures": 89,
      "fieldNonNullCounts": {
        "HShotsOffGoal": 89,
        "AShotsOffGoal": 89,
        "HBlockedShots": 89,
        "ABlockedShots": 89,
        "HShotsInsideBox": 89,
        "AShotsInsideBox": 89,
        "HShotsOutsideBox": 89,
        "AShotsOutsideBox": 89,
        "HOffsides": 80,
        "AOffsides": 80,
        "HPassAccuracy": 89,
        "APassAccuracy": 89,
        "HGoalsPrevented": 89,
        "AGoalsPrevented": 89,
        "HFreeKicks": 0,
        "AFreeKicks": 0
      }
    },
    {
      "leagueCode": "BRA2",
      "country": "Brazil",
      "league": "Serie B",
      "fixtures": 161,
      "fieldNonNullCounts": {
        "HShotsOffGoal": 160,
        "AShotsOffGoal": 160,
        "HBlockedShots": 160,
        "ABlockedShots": 160,
        "HShotsInsideBox": 158,
        "AShotsInsideBox": 158,
        "HShotsOutsideBox": 158,
        "AShotsOutsideBox": 158,
        "HOffsides": 153,
        "AOffsides": 153,
        "HPassAccuracy": 153,
        "APassAccuracy": 153,
        "HGoalsPrevented": 153,
        "AGoalsPrevented": 153,
        "HFreeKicks": 6,
        "AFreeKicks": 6
      }
    },
    {
      "leagueCode": "SWE2",
      "country": "Sweden",
      "league": "Superettan",
      "fixtures": 105,
      "fieldNonNullCounts": {
        "HShotsOffGoal": 59,
        "AShotsOffGoal": 59,
        "HBlockedShots": 58,
        "ABlockedShots": 58,
        "HShotsInsideBox": 26,
        "AShotsInsideBox": 26,
        "HShotsOutsideBox": 26,
        "AShotsOutsideBox": 26,
        "HOffsides": 27,
        "AOffsides": 27,
        "HPassAccuracy": 26,
        "APassAccuracy": 26,
        "HGoalsPrevented": 0,
        "AGoalsPrevented": 0,
        "HFreeKicks": 32,
        "AFreeKicks": 32
      }
    },
    {
      "leagueCode": "FIN",
      "country": "Finland",
      "league": "Veikkausliiga",
      "fixtures": 76,
      "fieldNonNullCounts": {
        "HShotsOffGoal": 36,
        "AShotsOffGoal": 36,
        "HBlockedShots": 35,
        "ABlockedShots": 35,
        "HShotsInsideBox": 35,
        "AShotsInsideBox": 35,
        "HShotsOutsideBox": 35,
        "AShotsOutsideBox": 35,
        "HOffsides": 36,
        "AOffsides": 36,
        "HPassAccuracy": 33,
        "APassAccuracy": 33,
        "HGoalsPrevented": 0,
        "AGoalsPrevented": 0,
        "HFreeKicks": 3,
        "AFreeKicks": 3
      }
    },
    {
      "leagueCode": "SWE",
      "country": "Sweden",
      "league": "Allsvenskan",
      "fixtures": 81,
      "fieldNonNullCounts": {
        "HShotsOffGoal": 81,
        "AShotsOffGoal": 81,
        "HBlockedShots": 81,
        "ABlockedShots": 81,
        "HShotsInsideBox": 81,
        "AShotsInsideBox": 81,
        "HShotsOutsideBox": 81,
        "AShotsOutsideBox": 81,
        "HOffsides": 78,
        "AOffsides": 78,
        "HPassAccuracy": 81,
        "APassAccuracy": 81,
        "HGoalsPrevented": 0,
        "AGoalsPrevented": 0,
        "HFreeKicks": 0,
        "AFreeKicks": 0
      }
    },
    {
      "leagueCode": "MEX",
      "country": "Mexico",
      "league": "Liga MX",
      "fixtures": 56,
      "fieldNonNullCounts": {
        "HShotsOffGoal": 55,
        "AShotsOffGoal": 55,
        "HBlockedShots": 55,
        "ABlockedShots": 55,
        "HShotsInsideBox": 55,
        "AShotsInsideBox": 55,
        "HShotsOutsideBox": 55,
        "AShotsOutsideBox": 55,
        "HOffsides": 54,
        "AOffsides": 54,
        "HPassAccuracy": 55,
        "APassAccuracy": 55,
        "HGoalsPrevented": 0,
        "AGoalsPrevented": 0,
        "HFreeKicks": 0,
        "AFreeKicks": 0
      }
    },
    {
      "leagueCode": "ROM",
      "country": "Romania",
      "league": "Liga I",
      "fixtures": 321,
      "fieldNonNullCounts": {
        "HShotsOffGoal": 320,
        "AShotsOffGoal": 320,
        "HBlockedShots": 320,
        "ABlockedShots": 320,
        "HShotsInsideBox": 317,
        "AShotsInsideBox": 317,
        "HShotsOutsideBox": 317,
        "AShotsOutsideBox": 317,
        "HOffsides": 300,
        "AOffsides": 300,
        "HPassAccuracy": 317,
        "APassAccuracy": 317,
        "HGoalsPrevented": 0,
        "AGoalsPrevented": 0,
        "HFreeKicks": 0,
        "AFreeKicks": 0
      }
    },
    {
      "leagueCode": "DNK",
      "country": "Denmark",
      "league": "Superliga",
      "fixtures": 193,
      "fieldNonNullCounts": {
        "HShotsOffGoal": 193,
        "AShotsOffGoal": 193,
        "HBlockedShots": 193,
        "ABlockedShots": 193,
        "HShotsInsideBox": 193,
        "AShotsInsideBox": 193,
        "HShotsOutsideBox": 193,
        "AShotsOutsideBox": 193,
        "HOffsides": 187,
        "AOffsides": 187,
        "HPassAccuracy": 193,
        "APassAccuracy": 193,
        "HGoalsPrevented": 81,
        "AGoalsPrevented": 81,
        "HFreeKicks": 0,
        "AFreeKicks": 0
      }
    },
    {
      "leagueCode": "POL",
      "country": "Poland",
      "league": "Ekstraklasa",
      "fixtures": 306,
      "fieldNonNullCounts": {
        "HShotsOffGoal": 306,
        "AShotsOffGoal": 306,
        "HBlockedShots": 306,
        "ABlockedShots": 306,
        "HShotsInsideBox": 306,
        "AShotsInsideBox": 306,
        "HShotsOutsideBox": 306,
        "AShotsOutsideBox": 306,
        "HOffsides": 289,
        "AOffsides": 289,
        "HPassAccuracy": 306,
        "APassAccuracy": 306,
        "HGoalsPrevented": 133,
        "AGoalsPrevented": 133,
        "HFreeKicks": 0,
        "AFreeKicks": 0
      }
    },
    {
      "leagueCode": "RUS",
      "country": "Russia",
      "league": "Premier League",
      "fixtures": 56,
      "fieldNonNullCounts": {
        "HShotsOffGoal": 55,
        "AShotsOffGoal": 55,
        "HBlockedShots": 55,
        "ABlockedShots": 55,
        "HShotsInsideBox": 55,
        "AShotsInsideBox": 55,
        "HShotsOutsideBox": 55,
        "AShotsOutsideBox": 55,
        "HOffsides": 53,
        "AOffsides": 53,
        "HPassAccuracy": 55,
        "APassAccuracy": 55,
        "HGoalsPrevented": 0,
        "AGoalsPrevented": 0,
        "HFreeKicks": 0,
        "AFreeKicks": 0
      }
    },
    {
      "leagueCode": "SWZ",
      "country": "Switzerland",
      "league": "Super League",
      "fixtures": 58,
      "fieldNonNullCounts": {
        "HShotsOffGoal": 57,
        "AShotsOffGoal": 57,
        "HBlockedShots": 57,
        "ABlockedShots": 57,
        "HShotsInsideBox": 57,
        "AShotsInsideBox": 57,
        "HShotsOutsideBox": 57,
        "AShotsOutsideBox": 57,
        "HOffsides": 54,
        "AOffsides": 54,
        "HPassAccuracy": 57,
        "APassAccuracy": 57,
        "HGoalsPrevented": 0,
        "AGoalsPrevented": 0,
        "HFreeKicks": 0,
        "AFreeKicks": 0
      }
    },
    {
      "leagueCode": "AUT2",
      "country": "Austria",
      "league": "2. Liga",
      "fixtures": 222,
      "fieldNonNullCounts": {
        "HShotsOffGoal": 1,
        "AShotsOffGoal": 1,
        "HBlockedShots": 1,
        "ABlockedShots": 1,
        "HShotsInsideBox": 1,
        "AShotsInsideBox": 1,
        "HShotsOutsideBox": 1,
        "AShotsOutsideBox": 1,
        "HOffsides": 1,
        "AOffsides": 1,
        "HPassAccuracy": 1,
        "APassAccuracy": 1,
        "HGoalsPrevented": 0,
        "AGoalsPrevented": 0,
        "HFreeKicks": 0,
        "AFreeKicks": 0
      }
    },
    {
      "leagueCode": "AUT",
      "country": "Austria",
      "league": "Bundesliga",
      "fixtures": 195,
      "fieldNonNullCounts": {
        "HShotsOffGoal": 195,
        "AShotsOffGoal": 195,
        "HBlockedShots": 195,
        "ABlockedShots": 195,
        "HShotsInsideBox": 195,
        "AShotsInsideBox": 195,
        "HShotsOutsideBox": 195,
        "AShotsOutsideBox": 195,
        "HOffsides": 183,
        "AOffsides": 183,
        "HPassAccuracy": 195,
        "APassAccuracy": 195,
        "HGoalsPrevented": 92,
        "AGoalsPrevented": 92,
        "HFreeKicks": 0,
        "AFreeKicks": 0
      }
    },
    {
      "leagueCode": "SC0",
      "country": "Scotland",
      "league": "Premiership",
      "fixtures": 58,
      "fieldNonNullCounts": {
        "HShotsOffGoal": 57,
        "AShotsOffGoal": 57,
        "HBlockedShots": 57,
        "ABlockedShots": 57,
        "HShotsInsideBox": 57,
        "AShotsInsideBox": 57,
        "HShotsOutsideBox": 57,
        "AShotsOutsideBox": 57,
        "HOffsides": 55,
        "AOffsides": 55,
        "HPassAccuracy": 57,
        "APassAccuracy": 57,
        "HGoalsPrevented": 0,
        "AGoalsPrevented": 0,
        "HFreeKicks": 0,
        "AFreeKicks": 0
      }
    }
  ]
}
