{
  "generatedAt": "2026-10-02T19:32:31Z",
  "completenessContract": "all completed fixture scores are cached at discovery time; advanced statistics are incrementally backfilled",
  "incrementalContract": "poll every active Stats league for new completed fixtures; persist all score metadata immediately; fetch advanced statistics only when real cached stats are missing",
  "scopeContract": "53 configured Domestic leagues eligible for Stats; core odds scope remains separately protected",
  "priorityPolicy": "Strict sequential priority: Tier 1 Main5+Greece may use the full run budget first; Tier 2 and Tier 3 receive only unused remainder",
  "absolutePriorityLeagueCodes": [
    "D1",
    "E0",
    "F1",
    "G1",
    "I1",
    "SP1"
  ],
  "statsUniverseLeagueCount": 69,
  "coreOddsLeagueCount": 27,
  "maxRequests": 120,
  "requestsUsed": 66,
  "registryLeagueCount": 2,
  "polledLeagueCount": 2,
  "incompleteBefore": 2,
  "completeAfter": 0,
  "incompleteAfter": 2,
  "allocations": [
    {
      "phase": "tier3_restored26",
      "priorityTier": "tier3_restored26",
      "leagueCode": "NOR2",
      "country": "Norway",
      "league": "OBOS-ligaen",
      "lifecycle": "active",
      "allocatedRequests": 60,
      "usedRequests": 60,
      "before": {
        "leagueCode": "NOR2",
        "priorityTier": "tier3_restored26",
        "completed": 184,
        "withStats": 0,
        "withScores": 184,
        "missingStats": 184,
        "missingScores": 0,
        "coverage": 0.0,
        "scoreCoverage": 1.0,
        "complete": false
      },
      "after": {
        "leagueCode": "NOR2",
        "priorityTier": "tier3_restored26",
        "completed": 185,
        "withStats": 0,
        "withScores": 185,
        "missingStats": 185,
        "missingScores": 0,
        "coverage": 0.0,
        "scoreCoverage": 1.0,
        "complete": false
      }
    },
    {
      "phase": "tier3_restored26",
      "priorityTier": "tier3_restored26",
      "leagueCode": "MAR",
      "country": "Morocco",
      "league": "Botola Pro",
      "lifecycle": "active",
      "allocatedRequests": 60,
      "usedRequests": 6,
      "before": {
        "leagueCode": "MAR",
        "priorityTier": "tier3_restored26",
        "completed": 7,
        "withStats": 3,
        "withScores": 7,
        "missingStats": 4,
        "missingScores": 0,
        "coverage": 0.428571,
        "scoreCoverage": 1.0,
        "complete": false
      },
      "after": {
        "leagueCode": "MAR",
        "priorityTier": "tier3_restored26",
        "completed": 8,
        "withStats": 3,
        "withScores": 8,
        "missingStats": 5,
        "missingScores": 0,
        "coverage": 0.375,
        "scoreCoverage": 1.0,
        "complete": false
      }
    }
  ],
  "progress": [
    {
      "leagueCode": "NOR2",
      "priorityTier": "tier3_restored26",
      "completed": 185,
      "withStats": 0,
      "withScores": 185,
      "missingStats": 185,
      "missingScores": 0,
      "coverage": 0.0,
      "scoreCoverage": 1.0,
      "complete": false
    },
    {
      "leagueCode": "MAR",
      "priorityTier": "tier3_restored26",
      "completed": 8,
      "withStats": 3,
      "withScores": 8,
      "missingStats": 5,
      "missingScores": 0,
      "coverage": 0.375,
      "scoreCoverage": 1.0,
      "complete": false
    }
  ],
  "rosterDiscoveryRequests": 0,
  "selectedLeagueCodes": [
    "NOR2",
    "MAR"
  ],
  "targetedMode": true,
  "historicalOnlyMode": false,
  "historicalFreezePolicy": "historical season closes only after exact league+season fixture discovery, complete score cache, and one statistics-endpoint attempt per completed fixture",
  "historicalSkippedFrozen": [],
  "historicalNewlyFrozen": [],
  "historicalVerificationPending": [],
  "historicalSnapshotCount": 37,
  "historicalPendingBefore": [],
  "historicalPendingAfter": [],
  "historicalFrozenSnapshotCount": 37,
  "historicalClosureComplete": true,
  "apiFootballQuotaGuard": {
    "dailyLimit": 7500,
    "dailyRemaining": 5554,
    "reserve": 1500,
    "stoppedAtReserve": false
  }
}
